 bcmihvui64

 Timestamp is 559e2df3 (Thu Jul 09 01:16:51 2015)

 Preferred load address is 0000000180000000

 Start         Length     Name                   Class
 0001:00000000 00000081H .text$di                CODE
 0001:00000090 0001d373H .text$mn                CODE
 0001:0001d410 00000ef9H .text$x                 CODE
 0001:0001e310 000000aeH .text$yd                CODE
 0002:00000000 00000510H .idata$5                DATA
 0002:00000510 00000008H .CRT$XCA                DATA
 0002:00000518 00000030H .CRT$XCU                DATA
 0002:00000548 00000008H .CRT$XCZ                DATA
 0002:00000550 00000008H .CRT$XIA                DATA
 0002:00000558 00000020H .CRT$XIC                DATA
 0002:00000578 00000008H .CRT$XIZ                DATA
 0002:00000580 00000008H .CRT$XPA                DATA
 0002:00000588 00000010H .CRT$XPX                DATA
 0002:00000598 00000008H .CRT$XPXA               DATA
 0002:000005a0 00000008H .CRT$XPZ                DATA
 0002:000005a8 00000008H .CRT$XTA                DATA
 0002:000005b0 00000008H .CRT$XTZ                DATA
 0002:000005c0 000089d0H .rdata                  DATA
 0002:00008f90 000000acH .rdata$debug            DATA
 0002:00009040 000010dcH .rdata$r                DATA
 0002:0000a120 00000008H .rtc$IAA                DATA
 0002:0000a128 00000008H .rtc$IZZ                DATA
 0002:0000a130 00000008H .rtc$TAA                DATA
 0002:0000a138 00000008H .rtc$TZZ                DATA
 0002:0000a140 00002f74H .xdata                  DATA
 0002:0000d0b8 00000234H .xdata$x                DATA
 0002:0000d2f0 000000a5H .edata                  DATA
 0002:0000d398 000000a0H .idata$2                DATA
 0002:0000d438 00000014H .idata$3                DATA
 0002:0000d450 00000510H .idata$4                DATA
 0002:0000d960 00000b52H .idata$6                DATA
 0003:00000000 00001948H .data                   DATA
 0003:00001948 0000058cH .data$r                 DATA
 0003:00001ee0 00002538H .bss                    DATA
 0004:00000000 00001df4H .pdata                  DATA
 0005:00000000 00017998H .rsrc$01                DATA
 0005:000179a0 00348618H .rsrc$02                DATA

  Address         Publics by Value              Rva+Base               Lib:Object

 0000:00000000       ___safe_se_handler_count   0000000000000000     <absolute>
 0000:00000000       ___safe_se_handler_table   0000000000000000     <absolute>
 0000:00000000       __guard_fids_table         0000000000000000     <absolute>
 0000:00000000       __guard_flags              0000000000000000     <absolute>
 0000:00000000       __guard_fids_count         0000000000000000     <absolute>
 0000:00000000       __ImageBase                0000000180000000     <linker-defined>
 0001:00000090       ?InitIhvCommon@@YAXXZ      0000000180001090 f   ihv_common.obj
 0001:000001d0       ?CopyCredential@@YAKPEBU_IHV_CREDENTIAL@@PEAPEAU1@@Z 00000001800011d0 f   ihv_common.obj
 0001:00000260       ?SecureCredential@@YAKPEBU_IHV_CREDENTIAL@@PEAPEAU1@H@Z 0000000180001260 f   ihv_common.obj
 0001:000003e0       IsolationAwareLoadLibraryW 00000001800013e0 f i CCXDllMain.obj
 0001:000004a0       WinbaseIsolationAwarePrivatetRgzlnPgpgk 00000001800014a0 f i CCXDllMain.obj
 0001:00000660       DllMain                    0000000180001660 f   CCXDllMain.obj
 0001:00000690       DllCanUnloadNow            0000000180001690 f   CCXDllMain.obj
 0001:000006b0       DllGetClassObject          00000001800016b0 f   CCXDllMain.obj
 0001:000006c0       DllRegisterServer          00000001800016c0 f   CCXDllMain.obj
 0001:000006d0       DllUnregisterServer        00000001800016d0 f   CCXDllMain.obj
 0001:00000b50       ?CreateInstance@CFactory@@UEAAJPEAUIUnknown@@AEBU_GUID@@PEAPEAX@Z 0000000180001b50 f i CCXDllMain.obj
 0001:00000e00       ?LockServer@CFactory@@UEAAJH@Z 0000000180001e00 f i CCXDllMain.obj
 0001:00000e20       ?AddRef@CFactory@@UEAAKXZ  0000000180001e20 f i CCXDllMain.obj
 0001:00000e20       ?AddRef@CExtUISec@@UEAAKXZ 0000000180001e20 f i CCXExtUI.obj
 0001:00000e20       ?AddRef@CExtUICon@@UEAAKXZ 0000000180001e20 f i CCXExtUI.obj
 0001:00000e20       ?AddRef@CExtUIKey@@UEAAKXZ 0000000180001e20 f i CCXExtUI.obj
 0001:00000e30       ?Release@CFactory@@UEAAKXZ 0000000180001e30 f i CCXDllMain.obj
 0001:00000e60       ?QueryInterface@CFactory@@UEAAJAEBU_GUID@@PEAPEAX@Z 0000000180001e60 f i CCXDllMain.obj
 0001:00000ed0       ?GUID_COMPONENT@@YAAEBU_GUID@@XZ 0000000180001ed0 f   CCXDllMain.obj
 0001:00001130       IsolationAwarePrivatezlybNQyVOeNelJ 0000000180002130 f i CCXExtUI.obj
 0001:00001140       IsolationAwareDialogBoxParamW 0000000180002140 f i CCXExtUI.obj
 0001:00001230       IsolationAwareCreatePropertySheetPageW 0000000180002230 f i CCXExtUI.obj
 0001:00001340       PrshtIsolationAwarePrivatetRgCebPnQQeRff_pbZPgYQP_QYY 0000000180002340 f i CCXExtUI.obj
 0001:00001440       ??0_bstr_t@@QEAA@PEB_W@Z   0000000180002440 f i CCXExtUI.obj
 0001:000014d0       ??1_bstr_t@@QEAA@XZ        00000001800024d0 f i CCXExtUI.obj
 0001:00001540       ??0Data_t@_bstr_t@@QEAA@AEBV1@0@Z 0000000180002540 f i CCXExtUI.obj
 0001:00001660       ?AddRef@CExtUI@@UEAAKXZ    0000000180002660 f i CCXExtUI.obj
 0001:00001670       ?Release@CExtUI@@UEAAKXZ   0000000180002670 f i CCXExtUI.obj
 0001:000016b0       ?QueryInterface@CExtUI@@UEAAJAEBU_GUID@@PEAPEAX@Z 00000001800026b0 f i CCXExtUI.obj
 0001:00001790       ?Release@CExtUICon@@UEAAKXZ 0000000180002790 f i CCXExtUI.obj
 0001:000017e0       ?QueryInterface@CExtUICon@@UEAAJAEBU_GUID@@PEAPEAX@Z 00000001800027e0 f i CCXExtUI.obj
 0001:00001850       ?Release@CExtUIKey@@UEAAKXZ 0000000180002850 f i CCXExtUI.obj
 0001:00001890       ?QueryInterface@CExtUIKey@@UEAAJAEBU_GUID@@PEAPEAX@Z 0000000180002890 f i CCXExtUI.obj
 0001:00001900       ?Release@CExtUISec@@UEAAKXZ 0000000180002900 f i CCXExtUI.obj
 0001:00001940       ?QueryInterface@CExtUISec@@UEAAJAEBU_GUID@@PEAPEAX@Z 0000000180002940 f i CCXExtUI.obj
 0001:000019b0       ?GetKeyPtr@KeyInputDlg@@UEAAPEA_WXZ 00000001800029b0 f i CCXExtUI.obj
 0001:000019c0       ??$destroy@PEAU?$_Tree_node@U?$pair@$$CBV?$basic_string@_WU?$char_traits@_W@std@@V?$allocator@_W@2@@std@@H@std@@PEAX@std@@@?$_Wrap_alloc@V?$allocator@U?$_Tree_node@U?$pair@$$CBV?$basic_string@_WU?$char_traits@_W@std@@V?$allocator@_W@2@@std@@H@std@@PEAX@std@@@std@@@std@@QEAAXPEAPEAU?$_Tree_node@U?$pair@$$CBV?$basic_string@_WU?$char_traits@_W@std@@V?$allocator@_W@2@@std@@H@std@@PEAX@1@@Z 00000001800029c0 f i i18nW.obj
 0001:000019c0       ?Notify_IsValid@CertPropertyDlg@@MEAAXH@Z 00000001800029c0 f i CCXExtUI.obj
 0001:000019c0       ?Notify_IsValid@KeyInputDlg@@UEAAXH@Z 00000001800029c0 f i CCXExtUI.obj
 0001:000019c0       ?OnCancel@CertSelectorDlg@@EEAAXXZ 00000001800029c0 f i CCXExtUI.obj
 0001:000019c0       ??3@YAXPEAX0@Z             00000001800029c0 f i CCXExtUI.obj
 0001:000019d0       ?GetCertificate@CertPropertyDlg@@UEBAPEBU_CERT_CONTEXT@@XZ 00000001800029d0 f i CCXExtUI.obj
 0001:000019e0       ?IsValid@CertPropertyDlg@@UEBAHXZ 00000001800029e0 f i CCXExtUI.obj
 0001:00001a20       ?OnSelectCertificate@CertSelectorDlg@@EEAAHXZ 0000000180002a20 f i CCXExtUI.obj
 0001:00001a20       ?OnViewCertificate@CertSelectorDlg@@EEAAHXZ 0000000180002a20 f i CCXExtUI.obj
 0001:00001a30       ??_E_Generic_error_category@std@@UEAAPEAXI@Z 0000000180002a30 f i * CIL library *:* CIL module *
 0001:00001a30       ??_G_System_error_category@std@@UEAAPEAXI@Z 0000000180002a30 f i CCXExtUI.obj
 0001:00001a30       ??_E_System_error_category@std@@UEAAPEAXI@Z 0000000180002a30 f i * CIL library *:* CIL module *
 0001:00001a30       ??_G_Generic_error_category@std@@UEAAPEAXI@Z 0000000180002a30 f i CCXExtUI.obj
 0001:00001a30       ??_Gerror_category@std@@UEAAPEAXI@Z 0000000180002a30 f i CCXExtUI.obj
 0001:00001a30       ??_E_Iostream_error_category@std@@UEAAPEAXI@Z 0000000180002a30 f i * CIL library *:* CIL module *
 0001:00001a30       ??_Eerror_category@std@@UEAAPEAXI@Z 0000000180002a30 f i * CIL library *:* CIL module *
 0001:00001a30       ??_G_Iostream_error_category@std@@UEAAPEAXI@Z 0000000180002a30 f i CCXExtUI.obj
 0001:00001a60       ?default_error_condition@error_category@std@@UEBA?AVerror_condition@2@H@Z 0000000180002a60 f i CCXExtUI.obj
 0001:00001a70       ?equivalent@error_category@std@@UEBA_NHAEBVerror_condition@2@@Z 0000000180002a70 f i CCXExtUI.obj
 0001:00001ab0       ?equivalent@error_category@std@@UEBA_NAEBVerror_code@2@H@Z 0000000180002ab0 f i CCXExtUI.obj
 0001:00001ad0       ?name@_Generic_error_category@std@@UEBAPEBDXZ 0000000180002ad0 f i CCXExtUI.obj
 0001:00001ae0       ?message@_Generic_error_category@std@@UEBA?AV?$basic_string@DU?$char_traits@D@std@@V?$allocator@D@2@@2@H@Z 0000000180002ae0 f i CCXExtUI.obj
 0001:00001b50       ?name@_Iostream_error_category@std@@UEBAPEBDXZ 0000000180002b50 f i CCXExtUI.obj
 0001:00001b60       ?message@_Iostream_error_category@std@@UEBA?AV?$basic_string@DU?$char_traits@D@std@@V?$allocator@D@2@@2@H@Z 0000000180002b60 f i CCXExtUI.obj
 0001:00001bb0       ?name@_System_error_category@std@@UEBAPEBDXZ 0000000180002bb0 f i CCXExtUI.obj
 0001:00001bc0       ?message@_System_error_category@std@@UEBA?AV?$basic_string@DU?$char_traits@D@std@@V?$allocator@D@2@@2@H@Z 0000000180002bc0 f i CCXExtUI.obj
 0001:00001c30       ?default_error_condition@_System_error_category@std@@UEBA?AVerror_condition@2@H@Z 0000000180002c30 f i CCXExtUI.obj
 0001:00001da0       ?OnInitDialog@WapiBaseKeyInputDlg@@MEAAHPEAUHWND__@@@Z 0000000180002da0 f i CCXExtUI.obj
 0001:00001e80       ?CheckValid@WapiCertPropDlg@@UEBAKPEBU_CERT_CONTEXT@@@Z 0000000180002e80 f i CCXExtUI.obj
 0001:00001e80       ?CheckValid@WapiCertPropertyDlg@@UEBAKPEBU_CERT_CONTEXT@@@Z 0000000180002e80 f i CCXExtUI.obj
 0001:00001ee0       ??_GWapiCertPropertyDlg@@UEAAPEAXI@Z 0000000180002ee0 f i CCXExtUI.obj
 0001:00001ee0       ??_GWapiCertPropDlg@@UEAAPEAXI@Z 0000000180002ee0 f i CCXExtUI.obj
 0001:00001ee0       ??_ECertPropertyDlg@@UEAAPEAXI@Z 0000000180002ee0 f i * CIL library *:* CIL module *
 0001:00001ee0       ??_GCertPropertyDlg@@UEAAPEAXI@Z 0000000180002ee0 f i CertPropertyDlg.obj
 0001:00001ee0       ??_EWapiCertPropDlg@@UEAAPEAXI@Z 0000000180002ee0 f i * CIL library *:* CIL module *
 0001:00001ee0       ??_EWapiCertPropertyDlg@@UEAAPEAXI@Z 0000000180002ee0 f i * CIL library *:* CIL module *
 0001:00001f40       ??1CExtUI@@QEAA@XZ         0000000180002f40 f   CCXExtUI.obj
 0001:00001fc0       ?GetDot11ExtUIFriendlyName@CExtUI@@UEAAJPEAPEA_W@Z 0000000180002fc0 f   CCXExtUI.obj
 0001:00002090       ?GetDot11ExtUIProperties@CExtUI@@UEAAJW4_DOT11_EXT_UI_PROPERTY_TYPE@@PEAKPEAPEAUIDot11ExtUIProperty@@@Z 0000000180003090 f   CCXExtUI.obj
 0001:00002360       ?Dot11ExtUIPropertyGetSelected@CExtUICon@@UEAAJPEA_WPEAU_DOT11EXT_IHV_PARAMS@@PEAH@Z 0000000180003360 f   CCXExtUI.obj
 0001:00002360       ?Dot11ExtUIPropertySetDisplayInfo@CExtUICon@@UEAAJW4_DOT11_EXT_UI_DISPLAY_INFO_TYPE@@PEA_WPEAU_DOT11EXT_IHV_PARAMS@@PEAU_DOT11_EXT_UI_PROPERTY_DISPLAY_INFO@@PEAPEA_WPEAH@Z 0000000180003360 f   CCXExtUI.obj
 0001:00002360       ?DisplayDot11ExtUIProperty@CExtUIKey@@UEAAJPEAUHWND__@@PEA_WPEAU_DOT11EXT_IHV_PARAMS@@PEAPEA_WPEAH@Z 0000000180003360 f   CCXExtUI.obj
 0001:00002360       ?Dot11ExtUIPropertyIsStandardSecurity@CExtUICon@@UEAAJPEAHPEAW4_DOT11_EXT_UI_SECURITY_TYPE@@@Z 0000000180003360 f   CCXExtUI.obj
 0001:00002360       ?GetDot11ExtUIBalloonText@CExtUI@@UEAAJPEA_WPEAPEA_W@Z 0000000180003360 f   CCXExtUI.obj
 0001:00002360       ?Dot11ExtUIPropertySetSelected@CExtUICon@@UEAAJPEA_WPEAU_DOT11EXT_IHV_PARAMS@@PEAPEA_WPEAH@Z 0000000180003360 f   CCXExtUI.obj
 0001:00002360       ?Dot11ExtUIPropertyGetDisplayInfo@CExtUICon@@UEAAJW4_DOT11_EXT_UI_DISPLAY_INFO_TYPE@@PEA_WPEAU_DOT11EXT_IHV_PARAMS@@PEAK3PEAPEAU_DOT11_EXT_UI_PROPERTY_DISPLAY_INFO@@@Z 0000000180003360 f   CCXExtUI.obj
 0001:00002370       ?SetSite@CExtUI@@UEAAJPEAUIUnknown@@@Z 0000000180003370 f   CCXExtUI.obj
 0001:000023b0       ?GetSite@CExtUI@@UEAAJAEBU_GUID@@PEAPEAX@Z 00000001800033b0 f   CCXExtUI.obj
 0001:000023d0       ?Notify_IsValid@WapiCertPropDlg@@UEAAXH@Z 00000001800033d0 f i CCXExtUI.obj
 0001:000023d0       ?Notify_IsValid@WapiKeyInputPropDlg@@UEAAXH@Z 00000001800033d0 f i CCXExtUI.obj
 0001:00002410       ??_EWapiKeyInputPropDlg@@UEAAPEAXI@Z 0000000180003410 f i * CIL library *:* CIL module *
 0001:00002410       ??_GKeyInputDlg@@UEAAPEAXI@Z 0000000180003410 f i KeyInputDlgW.obj
 0001:00002410       ??_GWapiKeyInputDlg@@UEAAPEAXI@Z 0000000180003410 f i CCXExtUI.obj
 0001:00002410       ??_GWapiKeyInputPropDlg@@UEAAPEAXI@Z 0000000180003410 f i CCXExtUI.obj
 0001:00002410       ??_EConnConfigDlg@@UEAAPEAXI@Z 0000000180003410 f i * CIL library *:* CIL module *
 0001:00002410       ??_EKeyInputDlg@@UEAAPEAXI@Z 0000000180003410 f i * CIL library *:* CIL module *
 0001:00002410       ??_EWapiKeyInputDlg@@UEAAPEAXI@Z 0000000180003410 f i * CIL library *:* CIL module *
 0001:00002410       ??_GConnConfigDlg@@UEAAPEAXI@Z 0000000180003410 f i ConnConfigDlg.obj
 0001:00002480       ??0WapiCertPropDlg@@QEAA@PEAUHINSTANCE__@@PEAX@Z 0000000180003480 f i CCXExtUI.obj
 0001:000024d0       ?OnInitDialog@WapiCertPropDlg@@UEAAHPEAUHWND__@@@Z 00000001800034d0 f i CCXExtUI.obj
 0001:00002520       ?ReadUiRequest@CExtUI@@AEAAJPEAPEAU_IHV_UI_REQUEST@@@Z 0000000180003520 f   CCXExtUI.obj
 0001:00002620       ?WriteUiResponse@CExtUI@@AEAAJPEBU_IHV_CREDENTIAL@@@Z 0000000180003620 f   CCXExtUI.obj
 0001:00002800       ?AddPages@CExtUI@@UEAAJPEAPEAU_PSP@@IPEAI@Z 0000000180003800 f   CCXExtUI.obj
 0001:00002980       ?GetFirstPage@CExtUI@@UEAAJPEAPEAU_PSP@@@Z 0000000180003980 f   CCXExtUI.obj
 0001:00002990       ?GetLastPage@CExtUI@@UEAAJPEAPEAU_PSP@@@Z 0000000180003990 f   CCXExtUI.obj
 0001:000029a0       ?GetClsidPropertyName@CExtUI@@AEAAJPEBU_GUID@@PEB_WPEA_WI@Z 00000001800039a0 f   CCXExtUI.obj
 0001:00002ad0       ??1CExtUIKey@@QEAA@XZ      0000000180003ad0 f   CCXExtUI.obj
 0001:00002c10       ?Customize@CExtUIKey@@UEAAJPEAE@Z 0000000180003c10 f   CCXExtUI.obj
 0001:00002d40       ?GetDot11ExtUIPropertyFriendlyName@CExtUIKey@@UEAAJPEAPEA_W@Z 0000000180003d40 f   CCXExtUI.obj
 0001:00002e00       ?Dot11ExtUIPropertyHasConfigurationUI@CExtUIKey@@UEAAJPEAH@Z 0000000180003e00 f   CCXExtUI.obj
 0001:00002e30       ?Dot11ExtUIPropertyIsStandardSecurity@CExtUIKey@@UEAAJPEAHPEAW4_DOT11_EXT_UI_SECURITY_TYPE@@@Z 0000000180003e30 f   CCXExtUI.obj
 0001:00002e70       ?Dot11ExtUIPropertyGetSelected@CExtUIKey@@UEAAJPEA_WPEAU_DOT11EXT_IHV_PARAMS@@PEAH@Z 0000000180003e70 f   CCXExtUI.obj
 0001:00002e70       ?Dot11ExtUIPropertyGetSelected@CExtUISec@@UEAAJPEA_WPEAU_DOT11EXT_IHV_PARAMS@@PEAH@Z 0000000180003e70 f   CCXExtUI.obj
 0001:00002f60       ?Dot11ExtUIPropertySetSelected@CExtUIKey@@UEAAJPEA_WPEAU_DOT11EXT_IHV_PARAMS@@PEAPEA_WPEAH@Z 0000000180003f60 f   CCXExtUI.obj
 0001:00003060       ?Dot11ExtUIPropertyGetDisplayInfo@CExtUIKey@@UEAAJW4_DOT11_EXT_UI_DISPLAY_INFO_TYPE@@PEA_WPEAU_DOT11EXT_IHV_PARAMS@@PEAK3PEAPEAU_DOT11_EXT_UI_PROPERTY_DISPLAY_INFO@@@Z 0000000180004060 f   CCXExtUI.obj
 0001:000031b0       ?Dot11ExtUIPropertySetDisplayInfo@CExtUIKey@@UEAAJW4_DOT11_EXT_UI_DISPLAY_INFO_TYPE@@PEA_WPEAU_DOT11EXT_IHV_PARAMS@@PEAU_DOT11_EXT_UI_PROPERTY_DISPLAY_INFO@@PEAPEA_WPEAH@Z 00000001800041b0 f   CCXExtUI.obj
 0001:000031b0       ?Dot11ExtUIPropertySetDisplayInfo@CExtUISec@@UEAAJW4_DOT11_EXT_UI_DISPLAY_INFO_TYPE@@PEA_WPEAU_DOT11EXT_IHV_PARAMS@@PEAU_DOT11_EXT_UI_PROPERTY_DISPLAY_INFO@@PEAPEA_WPEAH@Z 00000001800041b0 f   CCXExtUI.obj
 0001:000032c0       ??1CExtUISec@@QEAA@XZ      00000001800042c0 f   CCXExtUI.obj
 0001:00003400       ?Customize@CExtUISec@@QEAAJPEAE@Z 0000000180004400 f   CCXExtUI.obj
 0001:00003530       ?GetDot11ExtUIPropertyFriendlyName@CExtUISec@@UEAAJPEAPEA_W@Z 0000000180004530 f   CCXExtUI.obj
 0001:000035e0       ?Dot11ExtUIPropertyHasConfigurationUI@CExtUISec@@UEAAJPEAH@Z 00000001800045e0 f   CCXExtUI.obj
 0001:00003610       ?Dot11ExtUIPropertyIsStandardSecurity@CExtUISec@@UEAAJPEAHPEAW4_DOT11_EXT_UI_SECURITY_TYPE@@@Z 0000000180004610 f   CCXExtUI.obj
 0001:00003650       ?Dot11ExtUIPropertySetSelected@CExtUISec@@UEAAJPEA_WPEAU_DOT11EXT_IHV_PARAMS@@PEAPEA_WPEAH@Z 0000000180004650 f   CCXExtUI.obj
 0001:00003750       ?Dot11ExtUIPropertyGetDisplayInfo@CExtUISec@@UEAAJW4_DOT11_EXT_UI_DISPLAY_INFO_TYPE@@PEA_WPEAU_DOT11EXT_IHV_PARAMS@@PEAK3PEAPEAU_DOT11_EXT_UI_PROPERTY_DISPLAY_INFO@@@Z 0000000180004750 f   CCXExtUI.obj
 0001:00003890       ?Notify_IsValid@WapiKeyInputDlg@@UEAAXH@Z 0000000180004890 f i CCXExtUI.obj
 0001:000038c0       ?DisplayDot11ExtUIProperty@CExtUISec@@UEAAJPEAUHWND__@@PEA_WPEAU_DOT11EXT_IHV_PARAMS@@PEAPEA_WPEAH@Z 00000001800048c0 f   CCXExtUI.obj
 0001:00003ea0       ?GetDot11ExtUIPropertyFriendlyName@CExtUICon@@UEAAJPEAPEA_W@Z 0000000180004ea0 f   CCXExtUI.obj
 0001:00003ee0       ?Dot11ExtUIPropertyHasConfigurationUI@CExtUICon@@UEAAJPEAH@Z 0000000180004ee0 f   CCXExtUI.obj
 0001:00003f00       ?MessageBoxW@@YAHPEAUHWND__@@III@Z 0000000180004f00 f   CCXExtUI.obj
 0001:00004070       ?DisplayDot11ExtUIProperty@CExtUICon@@UEAAJPEAUHWND__@@PEA_WPEAU_DOT11EXT_IHV_PARAMS@@PEAPEA_WPEAH@Z 0000000180005070 f   CCXExtUI.obj
 0001:00004b30       ?CreateConnFragment@CExtUICon@@AEAAPEA_WPEA_W0@Z 0000000180005b30 f   CCXExtUI.obj
 0001:00004d50       ??1?$basic_string@_WU?$char_traits@_W@std@@V?$allocator@_W@2@@std@@QEAA@XZ 0000000180005d50 f i CCXExtUI.obj
 0001:00004d80       ?assign@?$basic_string@DU?$char_traits@D@std@@V?$allocator@D@2@@std@@QEAAAEAV12@AEBV12@_K1@Z 0000000180005d80 f i CCXExtUI.obj
 0001:00004eb0       ?_Tidy@?$basic_string@_WU?$char_traits@_W@std@@V?$allocator@_W@2@@std@@QEAAX_N_K@Z 0000000180005eb0 f i CCXExtUI.obj
 0001:00004f10       ?assign@?$basic_string@DU?$char_traits@D@std@@V?$allocator@D@2@@std@@QEAAAEAV12@PEBD_K@Z 0000000180005f10 f i CCXExtUI.obj
 0001:00005050       ?erase@?$basic_string@DU?$char_traits@D@std@@V?$allocator@D@2@@std@@QEAAAEAV12@_K0@Z 0000000180006050 f i CCXExtUI.obj
 0001:00005120       ?_Copy@?$basic_string@DU?$char_traits@D@std@@V?$allocator@D@2@@std@@QEAAX_K0@Z 0000000180006120 f i CCXExtUI.obj
 0001:00005230       ??$GetCredentialDlgProc@VWapiKeyInputPropDlg@@@CExtUI@@CA_JPEAUHWND__@@I_K_J@Z 0000000180006230 f i CCXExtUI.obj
 0001:00005580       ??$GetCredentialDlgProc@VWapiCertPropDlg@@@CExtUI@@CA_JPEAUHWND__@@I_K_J@Z 0000000180006580 f i CCXExtUI.obj
 0001:00005750       ??$GetThis@VCExtUI@@@@YAPEAVCExtUI@@PEAUHWND__@@I_K_J@Z 0000000180006750 f i CCXExtUI.obj
 0001:000057ac       ?Release@CExtUI@@W7EAAKXZ  00000001800067ac f i CCXExtUI.obj
 0001:000057b8       ?Release@CExtUI@@WBA@EAAKXZ 00000001800067b8 f i CCXExtUI.obj
 0001:000057c4       ?AddRef@CExtUI@@W7EAAKXZ   00000001800067c4 f i CCXExtUI.obj
 0001:000057d0       ?QueryInterface@CExtUI@@W7EAAJAEBU_GUID@@PEAPEAX@Z 00000001800067d0 f i CCXExtUI.obj
 0001:000057dc       ?AddRef@CExtUI@@WBA@EAAKXZ 00000001800067dc f i CCXExtUI.obj
 0001:000057e8       ?QueryInterface@CExtUI@@WBA@EAAJAEBU_GUID@@PEAPEAX@Z 00000001800067e8 f i CCXExtUI.obj
 0001:00005800       ?GetSelectedKeyPtr@ConnConfigDlg@@UEAAPEA_WXZ 0000000180006800 f i ConnConfigDlg.obj
 0001:00005820       ?LaunchDialog@ConnConfigDlg@@SAHPEAUHINSTANCE__@@PEAUHWND__@@PEAVDPTProfile@@H@Z 0000000180006820 f   ConnConfigDlg.obj
 0001:00005990       ?DialogProc@ConnConfigDlg@@SA_JPEAUHWND__@@I_K_J@Z 0000000180006990 f   ConnConfigDlg.obj
 0001:00005b50       ?OnInitDialog@ConnConfigDlg@@UEAAHPEAUHWND__@@@Z 0000000180006b50 f   ConnConfigDlg.obj
 0001:00005c00       ?Refresh@ConnConfigDlg@@UEAAXXZ 0000000180006c00 f   ConnConfigDlg.obj
 0001:00005d20       ?SelectEditGroup@ConnConfigDlg@@AEAAXH@Z 0000000180006d20 f   ConnConfigDlg.obj
 0001:00005dd0       ?OnHideChars@ConnConfigDlg@@UEAAXXZ 0000000180006dd0 f   ConnConfigDlg.obj
 0001:00005e70       ?OnOK@ConnConfigDlg@@UEAAXXZ 0000000180006e70 f   ConnConfigDlg.obj
 0001:00005ee0       ?OnKeyDown@ConnConfigDlg@@UEAAH_K_J@Z 0000000180006ee0 f   ConnConfigDlg.obj
 0001:00005f10       ?IsKeyModified@ConnConfigDlg@@UEAAHXZ 0000000180006f10 f   ConnConfigDlg.obj
 0001:00005f60       ?BinaryToHexRawString@@YAPEA_WQEAEK@Z 0000000180006f60 f   ihvutils.obj
 0001:00006010       ?HexRawStringToBinary@@YAPEAEPEB_WPEAK@Z 0000000180007010 f   ihvutils.obj
 0001:000060f0       ?IsCertificateExpired@@YAHPEBU_CERT_CONTEXT@@@Z 00000001800070f0 f   certutil.obj
 0001:000061a0       ?GetCertificateExpiresOn@@YAHPEBU_CERT_CONTEXT@@PEA_WHPEAH@Z 00000001800071a0 f   certutil.obj
 0001:00006240       ?GetCertificateDisplayInfo@@YAHPEBU_CERT_CONTEXT@@PEAPEAU_CERT_DISPLAY_INFO@@@Z 0000000180007240 f   certutil.obj
 0001:000064a0       ?FreeCertificateDisplayInfo@@YAXPEAU_CERT_DISPLAY_INFO@@@Z 00000001800074a0 f   certutil.obj
 0001:00006550       ??1CBstr@@QEAA@XZ          0000000180007550 f i DPTProfile.obj
 0001:00006560       ?xmlSet@DPTProfile@@QEAAXPEAUIXMLDOMDocument@@PEA_W@Z 0000000180007560 f   DPTProfile.obj
 0001:00006870       ?xmlSet@DPTProfile@@QEAAXPEB_W@Z 0000000180007870 f   DPTProfile.obj
 0001:00006980       ?xmlGet@DPTProfile@@QEAAPEA_WPEAUIXMLDOMDocument@@@Z 0000000180007980 f   DPTProfile.obj
 0001:00006d50       ?xmlGet@DPTProfile@@QEAAPEA_WXZ 0000000180007d50 f   DPTProfile.obj
 0001:00006e20       ?DPTKey2Hex@DPTProfile@@SAPEA_WPEA_W@Z 0000000180007e20 f   DPTProfile.obj
 0001:00006f90       ?HexString2Byte@DPTProfile@@SAPEAEPEB_WPEAK@Z 0000000180007f90 f   DPTProfile.obj
 0001:00007100       ?Hex2DPTKey@DPTProfile@@SAPEA_WPEB_W@Z 0000000180008100 f   DPTProfile.obj
 0001:00007180       ?GetProfileFragment@DPTProfile@@SAPEA_WPEB_W0@Z 0000000180008180 f   DPTProfile.obj
 0001:00007360       ?DecryptDPTKey@DPTUtils@@YAPEA_WPEAEK@Z 0000000180008360 f   DPTUtils.obj
 0001:00007450       ?OpenDriverRegKey@DriverReg@@YAHPEA_WKAEAPEAUHKEY__@@@Z 0000000180008450 f   DriverRegW.obj
 0001:00007720       ?IsDPTAvailable@DriverReg@@YAHPEBU_GUID@@@Z 0000000180008720 f   DriverRegW.obj
 0001:00007960       ?BuildStringMap@@YAXPEAUHINSTANCE__@@@Z 0000000180008960 f   i18nW.obj
 0001:00007a40       ?DestroyStringMap@@YAXXZ   0000000180008a40 f   i18nW.obj
 0001:00007bb0       ?TranslateString@@YA?AV?$basic_string@_WU?$char_traits@_W@std@@V?$allocator@_W@2@@std@@PEA_WH@Z 0000000180008bb0 f   i18nW.obj
 0001:00007fd0       ?LocalizeDialog@@YAXPEAUHWND__@@H@Z 0000000180008fd0 f   i18nW.obj
 0001:00008090       ??0?$basic_string@_WU?$char_traits@_W@std@@V?$allocator@_W@2@@std@@QEAA@PEB_W@Z 0000000180009090 f i i18nW.obj
 0001:000080e0       ??A?$map@V?$basic_string@_WU?$char_traits@_W@std@@V?$allocator@_W@2@@std@@HU?$less@V?$basic_string@_WU?$char_traits@_W@std@@V?$allocator@_W@2@@std@@@2@V?$allocator@U?$pair@$$CBV?$basic_string@_WU?$char_traits@_W@std@@V?$allocator@_W@2@@std@@H@std@@@2@@std@@QEAAAEAHAEBV?$basic_string@_WU?$char_traits@_W@std@@V?$allocator@_W@2@@1@@Z 00000001800090e0 f i i18nW.obj
 0001:00008160       ?_Assign_rv@?$basic_string@_WU?$char_traits@_W@std@@V?$allocator@_W@2@@std@@QEAAX$$QEAV12@@Z 0000000180009160 f i i18nW.obj
 0001:000081d0       ?_Erase@?$_Tree@V?$_Tmap_traits@V?$basic_string@_WU?$char_traits@_W@std@@V?$allocator@_W@2@@std@@HU?$less@V?$basic_string@_WU?$char_traits@_W@std@@V?$allocator@_W@2@@std@@@2@V?$allocator@U?$pair@$$CBV?$basic_string@_WU?$char_traits@_W@std@@V?$allocator@_W@2@@std@@H@std@@@2@$0A@@std@@@std@@IEAAXPEAU?$_Tree_node@U?$pair@$$CBV?$basic_string@_WU?$char_traits@_W@std@@V?$allocator@_W@2@@std@@H@std@@PEAX@2@@Z 00000001800091d0 f i i18nW.obj
 0001:00008260       ?assign@?$basic_string@_WU?$char_traits@_W@std@@V?$allocator@_W@2@@std@@QEAAAEAV12@AEBV12@_K1@Z 0000000180009260 f i i18nW.obj
 0001:000083b0       ?assign@?$basic_string@_WU?$char_traits@_W@std@@V?$allocator@_W@2@@std@@QEAAAEAV12@PEB_W_K@Z 00000001800093b0 f i i18nW.obj
 0001:00008500       ?erase@?$_Tree@V?$_Tmap_traits@V?$basic_string@_WU?$char_traits@_W@std@@V?$allocator@_W@2@@std@@HU?$less@V?$basic_string@_WU?$char_traits@_W@std@@V?$allocator@_W@2@@std@@@2@V?$allocator@U?$pair@$$CBV?$basic_string@_WU?$char_traits@_W@std@@V?$allocator@_W@2@@std@@H@std@@@2@$0A@@std@@@std@@QEAA?AV?$_Tree_iterator@V?$_Tree_val@U?$_Tree_simple_types@U?$pair@$$CBV?$basic_string@_WU?$char_traits@_W@std@@V?$allocator@_W@2@@std@@H@std@@@std@@@std@@@2@V?$_Tree_const_iterator@V?$_Tree_val@U?$_Tree_simple_types@U?$pair@$$CBV?$basic_string@_WU?$char_traits@_W@std@@V?$allocator@_W@2@@std@@H@std@@@std@@@std@@@2@0@Z 0000000180009500 f i i18nW.obj
 0001:00008610       ?_Lbound@?$_Tree@V?$_Tmap_traits@V?$basic_string@_WU?$char_traits@_W@std@@V?$allocator@_W@2@@std@@HU?$less@V?$basic_string@_WU?$char_traits@_W@std@@V?$allocator@_W@2@@std@@@2@V?$allocator@U?$pair@$$CBV?$basic_string@_WU?$char_traits@_W@std@@V?$allocator@_W@2@@std@@H@std@@@2@$0A@@std@@@std@@IEAAPEAU?$_Tree_node@U?$pair@$$CBV?$basic_string@_WU?$char_traits@_W@std@@V?$allocator@_W@2@@std@@H@std@@PEAX@2@AEBV?$basic_string@_WU?$char_traits@_W@std@@V?$allocator@_W@2@@2@@Z 0000000180009610 f i i18nW.obj
 0001:000086e0       ?erase@?$basic_string@_WU?$char_traits@_W@std@@V?$allocator@_W@2@@std@@QEAAAEAV12@_K0@Z 00000001800096e0 f i i18nW.obj
 0001:00008790       ?_Grow@?$basic_string@_WU?$char_traits@_W@std@@V?$allocator@_W@2@@std@@QEAA_N_K_N@Z 0000000180009790 f i i18nW.obj
 0001:00008870       ?erase@?$_Tree@V?$_Tmap_traits@V?$basic_string@_WU?$char_traits@_W@std@@V?$allocator@_W@2@@std@@HU?$less@V?$basic_string@_WU?$char_traits@_W@std@@V?$allocator@_W@2@@std@@@2@V?$allocator@U?$pair@$$CBV?$basic_string@_WU?$char_traits@_W@std@@V?$allocator@_W@2@@std@@H@std@@@2@$0A@@std@@@std@@QEAA?AV?$_Tree_iterator@V?$_Tree_val@U?$_Tree_simple_types@U?$pair@$$CBV?$basic_string@_WU?$char_traits@_W@std@@V?$allocator@_W@2@@std@@H@std@@@std@@@std@@@2@V?$_Tree_const_iterator@V?$_Tree_val@U?$_Tree_simple_types@U?$pair@$$CBV?$basic_string@_WU?$char_traits@_W@std@@V?$allocator@_W@2@@std@@H@std@@@std@@@std@@@2@@Z 0000000180009870 f i i18nW.obj
 0001:00008c30       ??0?$_Wrap_alloc@V?$allocator@U?$_Tree_node@U?$pair@$$CBV?$basic_string@_WU?$char_traits@_W@std@@V?$allocator@_W@2@@std@@H@std@@PEAX@std@@@std@@@std@@QEAA@XZ 0000000180009c30 f i i18nW.obj
 0001:00008c40       ?_Copy@?$basic_string@_WU?$char_traits@_W@std@@V?$allocator@_W@2@@std@@QEAAX_K0@Z 0000000180009c40 f i i18nW.obj
 0001:00008d60       ?_Lrotate@?$_Tree@V?$_Tmap_traits@V?$basic_string@_WU?$char_traits@_W@std@@V?$allocator@_W@2@@std@@HU?$less@V?$basic_string@_WU?$char_traits@_W@std@@V?$allocator@_W@2@@std@@@2@V?$allocator@U?$pair@$$CBV?$basic_string@_WU?$char_traits@_W@std@@V?$allocator@_W@2@@std@@H@std@@@2@$0A@@std@@@std@@IEAAXPEAU?$_Tree_node@U?$pair@$$CBV?$basic_string@_WU?$char_traits@_W@std@@V?$allocator@_W@2@@std@@H@std@@PEAX@2@@Z 0000000180009d60 f i i18nW.obj
 0001:00008dc0       ?_Rrotate@?$_Tree@V?$_Tmap_traits@V?$basic_string@_WU?$char_traits@_W@std@@V?$allocator@_W@2@@std@@HU?$less@V?$basic_string@_WU?$char_traits@_W@std@@V?$allocator@_W@2@@std@@@2@V?$allocator@U?$pair@$$CBV?$basic_string@_WU?$char_traits@_W@std@@V?$allocator@_W@2@@std@@H@std@@@2@$0A@@std@@@std@@IEAAXPEAU?$_Tree_node@U?$pair@$$CBV?$basic_string@_WU?$char_traits@_W@std@@V?$allocator@_W@2@@std@@H@std@@PEAX@2@@Z 0000000180009dc0 f i i18nW.obj
 0001:00008e20       ?_Buyheadnode@?$_Tree_alloc@$0A@U?$_Tree_base_types@U?$pair@$$CBV?$basic_string@_WU?$char_traits@_W@std@@V?$allocator@_W@2@@std@@H@std@@V?$allocator@U?$pair@$$CBV?$basic_string@_WU?$char_traits@_W@std@@V?$allocator@_W@2@@std@@H@std@@@2@@std@@@std@@QEAAPEAU?$_Tree_node@U?$pair@$$CBV?$basic_string@_WU?$char_traits@_W@std@@V?$allocator@_W@2@@std@@H@std@@PEAX@2@XZ 0000000180009e20 f i i18nW.obj
 0001:00008e60       ??$?H_WU?$char_traits@_W@std@@V?$allocator@_W@1@@std@@YA?AV?$basic_string@_WU?$char_traits@_W@std@@V?$allocator@_W@2@@0@AEBV10@PEB_W@Z 0000000180009e60 f i i18nW.obj
 0001:00008f20       ?compare@?$basic_string@_WU?$char_traits@_W@std@@V?$allocator@_W@2@@std@@QEBAHAEBV12@@Z 0000000180009f20 f i i18nW.obj
 0001:00008fb0       ?append@?$basic_string@_WU?$char_traits@_W@std@@V?$allocator@_W@2@@std@@QEAAAEAV12@AEBV12@_K1@Z 0000000180009fb0 f i i18nW.obj
 0001:000090f0       ?append@?$basic_string@_WU?$char_traits@_W@std@@V?$allocator@_W@2@@std@@QEAAAEAV12@PEB_W_K@Z 000000018000a0f0 f i i18nW.obj
 0001:00009250       ??$_Buynode@AEBUpiecewise_construct_t@std@@V?$tuple@AEBV?$basic_string@_WU?$char_traits@_W@std@@V?$allocator@_W@2@@std@@@2@V?$tuple@$$$V@2@@?$_Tree_buy@U?$pair@$$CBV?$basic_string@_WU?$char_traits@_W@std@@V?$allocator@_W@2@@std@@H@std@@V?$allocator@U?$pair@$$CBV?$basic_string@_WU?$char_traits@_W@std@@V?$allocator@_W@2@@std@@H@std@@@2@@std@@QEAAPEAU?$_Tree_node@U?$pair@$$CBV?$basic_string@_WU?$char_traits@_W@std@@V?$allocator@_W@2@@std@@H@std@@PEAX@1@AEBUpiecewise_construct_t@1@$$QEAV?$tuple@AEBV?$basic_string@_WU?$char_traits@_W@std@@V?$allocator@_W@2@@std@@@1@$$QEAV?$tuple@$$$V@1@@Z 000000018000a250 f i i18nW.obj
 0001:000092d0       ??$_Insert_hint@AEAU?$pair@$$CBV?$basic_string@_WU?$char_traits@_W@std@@V?$allocator@_W@2@@std@@H@std@@PEAU?$_Tree_node@U?$pair@$$CBV?$basic_string@_WU?$char_traits@_W@std@@V?$allocator@_W@2@@std@@H@std@@PEAX@2@@?$_Tree@V?$_Tmap_traits@V?$basic_string@_WU?$char_traits@_W@std@@V?$allocator@_W@2@@std@@HU?$less@V?$basic_string@_WU?$char_traits@_W@std@@V?$allocator@_W@2@@std@@@2@V?$allocator@U?$pair@$$CBV?$basic_string@_WU?$char_traits@_W@std@@V?$allocator@_W@2@@std@@H@std@@@2@$0A@@std@@@std@@IEAA?AV?$_Tree_iterator@V?$_Tree_val@U?$_Tree_simple_types@U?$pair@$$CBV?$basic_string@_WU?$char_traits@_W@std@@V?$allocator@_W@2@@std@@H@std@@@std@@@std@@@1@V?$_Tree_const_iterator@V?$_Tree_val@U?$_Tree_simple_types@U?$pair@$$CBV?$basic_string@_WU?$char_traits@_W@std@@V?$allocator@_W@2@@std@@H@std@@@std@@@std@@@1@AEAU?$pair@$$CBV?$basic_string@_WU?$char_traits@_W@std@@V?$allocator@_W@2@@std@@H@1@PEAU?$_Tree_node@U?$pair@$$CBV?$basic_string@_WU?$char_traits@_W@std@@V?$allocator@_W@2@@std@@H@std@@PEAX@1@@Z 000000018000a2d0 f i i18nW.obj
 0001:00009580       ?_Destroy_if_not_nil@?$_Tree@V?$_Tmap_traits@V?$basic_string@_WU?$char_traits@_W@std@@V?$allocator@_W@2@@std@@HU?$less@V?$basic_string@_WU?$char_traits@_W@std@@V?$allocator@_W@2@@std@@@2@V?$allocator@U?$pair@$$CBV?$basic_string@_WU?$char_traits@_W@std@@V?$allocator@_W@2@@std@@H@std@@@2@$0A@@std@@@std@@IEAAXPEAU?$_Tree_node@U?$pair@$$CBV?$basic_string@_WU?$char_traits@_W@std@@V?$allocator@_W@2@@std@@H@std@@PEAX@2@@Z 000000018000a580 f i i18nW.obj
 0001:000095c0       ?_Buynode0@?$_Tree_buy@U?$pair@$$CBV?$basic_string@_WU?$char_traits@_W@std@@V?$allocator@_W@2@@std@@H@std@@V?$allocator@U?$pair@$$CBV?$basic_string@_WU?$char_traits@_W@std@@V?$allocator@_W@2@@std@@H@std@@@2@@std@@QEAAPEAU?$_Tree_node@U?$pair@$$CBV?$basic_string@_WU?$char_traits@_W@std@@V?$allocator@_W@2@@std@@H@std@@PEAX@2@XZ 000000018000a5c0 f i i18nW.obj
 0001:00009620       ??$_Insert_at@AEAU?$pair@$$CBV?$basic_string@_WU?$char_traits@_W@std@@V?$allocator@_W@2@@std@@H@std@@PEAU?$_Tree_node@U?$pair@$$CBV?$basic_string@_WU?$char_traits@_W@std@@V?$allocator@_W@2@@std@@H@std@@PEAX@2@@?$_Tree@V?$_Tmap_traits@V?$basic_string@_WU?$char_traits@_W@std@@V?$allocator@_W@2@@std@@HU?$less@V?$basic_string@_WU?$char_traits@_W@std@@V?$allocator@_W@2@@std@@@2@V?$allocator@U?$pair@$$CBV?$basic_string@_WU?$char_traits@_W@std@@V?$allocator@_W@2@@std@@H@std@@@2@$0A@@std@@@std@@IEAA?AV?$_Tree_iterator@V?$_Tree_val@U?$_Tree_simple_types@U?$pair@$$CBV?$basic_string@_WU?$char_traits@_W@std@@V?$allocator@_W@2@@std@@H@std@@@std@@@std@@@1@_NPEAU?$_Tree_node@U?$pair@$$CBV?$basic_string@_WU?$char_traits@_W@std@@V?$allocator@_W@2@@std@@H@std@@PEAX@1@AEAU?$pair@$$CBV?$basic_string@_WU?$char_traits@_W@std@@V?$allocator@_W@2@@std@@H@1@1@Z 000000018000a620 f i i18nW.obj
 0001:00009920       ??$_Insert_nohint@AEAU?$pair@$$CBV?$basic_string@_WU?$char_traits@_W@std@@V?$allocator@_W@2@@std@@H@std@@PEAU?$_Tree_node@U?$pair@$$CBV?$basic_string@_WU?$char_traits@_W@std@@V?$allocator@_W@2@@std@@H@std@@PEAX@2@@?$_Tree@V?$_Tmap_traits@V?$basic_string@_WU?$char_traits@_W@std@@V?$allocator@_W@2@@std@@HU?$less@V?$basic_string@_WU?$char_traits@_W@std@@V?$allocator@_W@2@@std@@@2@V?$allocator@U?$pair@$$CBV?$basic_string@_WU?$char_traits@_W@std@@V?$allocator@_W@2@@std@@H@std@@@2@$0A@@std@@@std@@IEAA?AU?$pair@V?$_Tree_iterator@V?$_Tree_val@U?$_Tree_simple_types@U?$pair@$$CBV?$basic_string@_WU?$char_traits@_W@std@@V?$allocator@_W@2@@std@@H@std@@@std@@@std@@@std@@_N@1@_NAEAU?$pair@$$CBV?$basic_string@_WU?$char_traits@_W@std@@V?$allocator@_W@2@@std@@H@1@PEAU?$_Tree_node@U?$pair@$$CBV?$basic_string@_WU?$char_traits@_W@std@@V?$allocator@_W@2@@std@@H@std@@PEAX@1@@Z 000000018000a920 f i i18nW.obj
 0001:00009b40       ??1CProfileIHVSecurity@@QEAA@XZ 000000018000ab40 f   CCXProfile.obj
 0001:00009ba0       ?IsValid@CProfileIHVSecurity@@QEAAHXZ 000000018000aba0 f   CCXProfile.obj
 0001:00009c50       ?xmlSet@CProfileIHVSecurity@@QEAAXPEB_W@Z 000000018000ac50 f   CCXProfile.obj
 0001:0000a3f0       ?xmlGet@CProfileIHVSecurity@@QEAAPEA_WXZ 000000018000b3f0 f   CCXProfile.obj
 0001:0000ac00       ?IsValid@CProfileIHVConnectivity@@QEAAHXZ 000000018000bc00 f   CCXProfile.obj
 0001:0000acf0       ?xmlSet@CProfileIHVConnectivity@@QEAAXPEB_W@Z 000000018000bcf0 f   CCXProfile.obj
 0001:0000b7d0       ?xmlGet@CProfileIHVConnectivity@@QEAAPEA_WXZ 000000018000c7d0 f   CCXProfile.obj
 0001:0000c3f0       ?Hex2Ssid@CProfileIHVConnectivity@@SA_NPEB_WPEAEPEAH@Z 000000018000d3f0 f   CCXProfile.obj
 0001:0000c590       ?Name2Ssid@CProfileIHVConnectivity@@SA_NPEB_WPEAEPEAH@Z 000000018000d590 f   CCXProfile.obj
 0001:0000c5f0       ?LoadStringResource@@YAKPEAUHINSTANCE__@@IAEAPEA_WPEAK@Z 000000018000d5f0 f   strings.obj
 0001:0000c6d0       ?OnInitDialog@CertPropertyDlg@@MEAAHPEAUHWND__@@@Z 000000018000d6d0 f   CertPropertyDlg.obj
 0001:0000c700       ?OnOK@CertPropertyDlg@@UEAAXXZ 000000018000d700 f   CertPropertyDlg.obj
 0001:0000c740       ?OnCancel@CertPropertyDlg@@UEAAXXZ 000000018000d740 f   CertPropertyDlg.obj
 0001:0000c760       ?CertificateFilterFunction@@YAHPEBU_CERT_CONTEXT@@PEAHPEAX@Z 000000018000d760 f   CertPropertyDlg.obj
 0001:0000c800       ?OnViewCertificate@CertPropertyDlg@@UEAAHXZ 000000018000d800 f   CertPropertyDlg.obj
 0001:0000c870       ?OnSelectCertificate@CertPropertyDlg@@UEAAHXZ 000000018000d870 f   CertPropertyDlg.obj
 0001:0000ca00       ?CheckValid@CertPropertyDlg@@UEBAKPEBU_CERT_CONTEXT@@@Z 000000018000da00 f   CertPropertyDlg.obj
 0001:0000ca30       ?SetCertificate@CertPropertyDlg@@EEAAXPEBU_CERT_CONTEXT@@@Z 000000018000da30 f   CertPropertyDlg.obj
 0001:0000ca70       ?Refresh@CertPropertyDlg@@EEAAXXZ 000000018000da70 f   CertPropertyDlg.obj
 0001:0000cbf0       ?DialogProc@CertPropertyDlg@@SA_JPEAUHWND__@@I_K_J@Z 000000018000dbf0 f   CertPropertyDlg.obj
 0001:0000ccf0       ?InitCertificateListView@@YAXPEAUHINSTANCE__@@PEAUHWND__@@PEAXP6AHPEBU_CERT_CONTEXT@@PEAH2@Z2@Z 000000018000dcf0 f   CertPropertyDlg.obj
 0001:0000cf20       ?CleanupCertificateListView@@YAXPEAUHWND__@@@Z 000000018000df20 f   CertPropertyDlg.obj
 0001:0000cfb0       ?Refresh@CertSelectorDlg@@EEAAXXZ 000000018000dfb0 f   CertPropertyDlg.obj
 0001:0000d040       ?DialogProc@CertSelectorDlg@@SA_JPEAUHWND__@@I_K_J@Z 000000018000e040 f   CertPropertyDlg.obj
 0001:0000d1c0       ?DialogProc@KeyInputDlg@@SA_JPEAUHWND__@@I_K_J@Z 000000018000e1c0 f   KeyInputDlgW.obj
 0001:0000d330       ??0KeyInputDlg@@QEAA@PEAUHINSTANCE__@@PEA_WHHK@Z 000000018000e330 f   KeyInputDlgW.obj
 0001:0000d400       ?OnInitDialog@KeyInputDlg@@UEAAHPEAUHWND__@@@Z 000000018000e400 f   KeyInputDlgW.obj
 0001:0000d440       ?InitEditGroup@KeyInputDlg@@UEAAXXZ 000000018000e440 f   KeyInputDlgW.obj
 0001:0000d530       ?Refresh@KeyInputDlg@@UEAAXXZ 000000018000e530 f   KeyInputDlgW.obj
 0001:0000d6d0       ?SelectEditGroup@KeyInputDlg@@IEAAXPEAU_tKeyInEditGroup@1@@Z 000000018000e6d0 f   KeyInputDlgW.obj
 0001:0000d770       ?ReflectEnableState@KeyInputDlg@@IEAAXPEAU_tKeyInEditGroup@1@@Z 000000018000e770 f   KeyInputDlgW.obj
 0001:0000d860       ?OnEditChange@KeyInputDlg@@UEAAXH@Z 000000018000e860 f   KeyInputDlgW.obj
 0001:0000d880       ?OnChangeKey@KeyInputDlg@@IEAAXPEAU_tKeyInEditGroup@1@@Z 000000018000e880 f   KeyInputDlgW.obj
 0001:0000da00       ?OnChangeConfirmKey@KeyInputDlg@@IEAAXPEAU_tKeyInEditGroup@1@@Z 000000018000ea00 f   KeyInputDlgW.obj
 0001:0000db90       ?UpdateKeyDisplay@KeyInputDlg@@IEAAXPEAU_tKeyInEditGroup@1@HH@Z 000000018000eb90 f   KeyInputDlgW.obj
 0001:0000dc80       ?OnEditFocus@KeyInputDlg@@UEAAXH@Z 000000018000ec80 f   KeyInputDlgW.obj
 0001:0000dcc0       ?OnHideChars@KeyInputDlg@@UEAAXXZ 000000018000ecc0 f   KeyInputDlgW.obj
 0001:0000dd10       ?HideEditGroup@KeyInputDlg@@IEAAXHPEAU_tKeyInEditGroup@1@H@Z 000000018000ed10 f   KeyInputDlgW.obj
 0001:0000de60       ?ReportError@KeyInputDlg@@IEAAXH@Z 000000018000ee60 f   KeyInputDlgW.obj
 0001:0000df10       ?IsValid@KeyInputDlg@@IEAAHPEAU_tKeyInEditGroup@1@@Z 000000018000ef10 f   KeyInputDlgW.obj
 0001:0000e060       ?ValidateKey@KeyInputDlg@@UEAAHPEB_W@Z 000000018000f060 f   KeyInputDlgW.obj
 0001:0000e100       ?OnOK@KeyInputDlg@@UEAAXXZ 000000018000f100 f   KeyInputDlgW.obj
 0001:0000e150       ?OnCancel@KeyInputDlg@@UEAAXXZ 000000018000f150 f   KeyInputDlgW.obj
 0001:0000e170       ?OnKeyDown@KeyInputDlg@@UEAAH_K_J@Z 000000018000f170 f   KeyInputDlgW.obj
 0001:0000e190       ?OnKeyDown@KeyInputDlg@@UEAAHPEAU_tKeyInEditGroup@1@_K_J@Z 000000018000f190 f   KeyInputDlgW.obj
 0001:0000e250       ?IsKeyModified@KeyInputDlg@@UEAAHXZ 000000018000f250 f   KeyInputDlgW.obj
 0001:0000e2a0       ?_com_issue_error@@YAXJ@Z  000000018000f2a0 f   comsuppw:comsupp.obj
 0001:0000e2b0       ??0_com_error@@QEAA@AEBV0@@Z 000000018000f2b0 f i comsuppw:comraise.obj
 0001:0000e2f0       ??1_com_error@@UEAA@XZ     000000018000f2f0 f i comsuppw:comraise.obj
 0001:0000e330       ??_G_com_error@@UEAAPEAXI@Z 000000018000f330 f i comsuppw:comraise.obj
 0001:0000e330       ??_E_com_error@@UEAAPEAXI@Z 000000018000f330 f i comsuppw:comraise.obj
 0001:0000e390       ?_com_raise_error@@YAXJPEAUIErrorInfo@@@Z 000000018000f390 f   comsuppw:comraise.obj
 0001:0000e3e0       __security_check_cookie    000000018000f3e0 f   LIBCMT:amdsecgs.obj
 0001:0000e400       wcsncat                    000000018000f400 f   LIBCMT:wcsncat.obj
 0001:0000e43c       ??3@YAXPEAX@Z              000000018000f43c f   LIBCMT:delete.obj
 0001:0000e444       ??8type_info@@QEBA_NAEBV0@@Z 000000018000f444 f   LIBCMT:typinfo.obj
 0001:0000e464       ??_Gtype_info@@UEAAPEAXI@Z 000000018000f464 f i LIBCMT:typinfo.obj
 0001:0000e464       ??_Etype_info@@UEAAPEAXI@Z 000000018000f464 f i LIBCMT:typinfo.obj
 0001:0000e4a0       ??0bad_alloc@std@@QEAA@AEBV01@@Z 000000018000f4a0 f i LIBCMT:new.obj
 0001:0000e4c4       ??1bad_alloc@std@@UEAA@XZ  000000018000f4c4 f i LIBCMT:new.obj
 0001:0000e4d4       ??2@YAPEAX_K@Z             000000018000f4d4 f   LIBCMT:new.obj
 0001:0000e540       ??_Gbad_alloc@std@@UEAAPEAXI@Z 000000018000f540 f i LIBCMT:new.obj
 0001:0000e540       ??_Ebad_alloc@std@@UEAAPEAXI@Z 000000018000f540 f i LIBCMT:new.obj
 0001:0000e57c       swprintf_s                 000000018000f57c f   LIBCMT:swprintf.obj
 0001:0000e5a0       wcsncpy_s                  000000018000f5a0 f   LIBCMT:wcsncpy_s.obj
 0001:0000e680       memcpy                     000000018000f680 f   LIBCMT:memcpy.obj
 0001:0000e680       memmove                    000000018000f680 f   LIBCMT:memcpy.obj
 0001:0000ebe8       ??_U@YAPEAX_K@Z            000000018000fbe8 f   LIBCMT:new2.obj
 0001:0000ebf0       ??_U@YAPEAX_KAEBUnothrow_t@std@@@Z 000000018000fbf0 f   LIBCMT:newaopnt.obj
 0001:0000ebf8       __onexitinit               000000018000fbf8 f   LIBCMT:onexit.obj
 0001:0000ec3c       _onexit                    000000018000fc3c f   LIBCMT:onexit.obj
 0001:0000ed48       atexit                     000000018000fd48 f   LIBCMT:onexit.obj
 0001:0000ed60       wcsstr                     000000018000fd60 f   LIBCMT:wcsstr.obj
 0001:0000ef5c       ??_V@YAXPEAX@Z             000000018000ff5c f   LIBCMT:delete2.obj
 0001:0000ef64       _purecall                  000000018000ff64 f   LIBCMT:purevirt.obj
 0001:0000ef90       memcpy_s                   000000018000ff90 f   LIBCMT:memcpy_s.obj
 0001:0000f018       ??2@YAPEAX_KAEBUnothrow_t@std@@@Z 0000000180010018 f   LIBCMT:newopnt.obj
 0001:0000f038       wcschr                     0000000180010038 f   LIBCMT:wcschr.obj
 0001:0000f2ac       wcstol                     00000001800102ac f   LIBCMT:wcstol.obj
 0001:0000f2b4       wcstoul                    00000001800102b4 f   LIBCMT:wcstol.obj
 0001:0000f2c0       ??0_LocaleUpdate@@QEAA@PEAUlocaleinfo_struct@@@Z 00000001800102c0 f i LIBCMT:wcsnicmp.obj
 0001:0000f368       _wcsnicmp                  0000000180010368 f   LIBCMT:wcsnicmp.obj
 0001:0000f400       _wcsnicmp_l                0000000180010400 f   LIBCMT:wcsnicmp.obj
 0001:0000f518       __raise_securityfailure    0000000180010518 f   LIBCMT:gs_report.obj
 0001:0000f564       __report_gsfailure         0000000180010564 f   LIBCMT:gs_report.obj
 0001:0000f638       wcscpy_s                   0000000180010638 f   LIBCMT:wcscpy_s.obj
 0001:0000f6a4       _wtoi                      00000001800106a4 f   LIBCMT:wtox.obj
 0001:0000f6b0       free                       00000001800106b0 f   LIBCMT:free.obj
 0001:0000f6f0       malloc                     00000001800106f0 f   LIBCMT:malloc.obj
 0001:0000f7a8       wcsspn                     00000001800107a8 f   LIBCMT:wcsspn.obj
 0001:0000f7ec       _wcsicmp                   00000001800107ec f   LIBCMT:wcsicmp.obj
 0001:0000f870       _wcsicmp_l                 0000000180010870 f   LIBCMT:wcsicmp.obj
 0001:0000f960       _itow                      0000000180010960 f   LIBCMT:xtow.obj
 0001:0000f9fc       _CRT_INIT                  00000001800109fc f   LIBCMT:dllcrt0.obj
 0001:0000fb5c       _DllMainCRTStartup         0000000180010b5c f   LIBCMT:dllcrt0.obj
 0001:0000fcbc       _CxxThrowException         0000000180010cbc f   LIBCMT:throw.obj
 0001:0000fdb0       __GSHandlerCheck_SEH       0000000180010db0 f   LIBCMT:gshandlerseh.obj
 0001:0000fe60       _alloca_probe              0000000180010e60 f   LIBCMT:chkstk.obj
 0001:0000fe60       __chkstk                   0000000180010e60 f   LIBCMT:chkstk.obj
 0001:0000fec0       memset                     0000000180010ec0 f   LIBCMT:memset.obj
 0001:000100ec       _fpmath                    00000001800110ec f   LIBCMT:fpinit.obj
 0001:000100f4       _cfltcvt_init              00000001800110f4 f   LIBCMT:fpinit.obj
 0001:00010190       strcmp                     0000000180011190 f   LIBCMT:strcmp.obj
 0001:000101f8       ?_Type_info_dtor@type_info@@CAXPEAV1@@Z 00000001800111f8 f   LIBCMT:typname.obj
 0001:00010264       ??0exception@std@@QEAA@AEBQEBD@Z 0000000180011264 f   LIBCMT:stdexcpt.obj
 0001:00010294       ??0exception@std@@QEAA@AEBQEBDH@Z 0000000180011294 f   LIBCMT:stdexcpt.obj
 0001:000102b0       ??0exception@std@@QEAA@AEBV01@@Z 00000001800112b0 f   LIBCMT:stdexcpt.obj
 0001:000102dc       ??1exception@std@@UEAA@XZ  00000001800112dc f   LIBCMT:stdexcpt.obj
 0001:000102ec       ??4exception@std@@QEAAAEAV01@AEBV01@@Z 00000001800112ec f   LIBCMT:stdexcpt.obj
 0001:00010330       ??_Gexception@std@@UEAAPEAXI@Z 0000000180011330 f i LIBCMT:stdexcpt.obj
 0001:00010330       ??_Eexception@std@@UEAAPEAXI@Z 0000000180011330 f i LIBCMT:stdexcpt.obj
 0001:0001036c       ?_Copy_str@exception@std@@AEAAXPEBD@Z 000000018001136c f   LIBCMT:stdexcpt.obj
 0001:000103c8       ?_Tidy@exception@std@@AEAAXXZ 00000001800113c8 f   LIBCMT:stdexcpt.obj
 0001:000103f0       ?what@exception@std@@UEBAPEBDXZ 00000001800113f0 f   LIBCMT:stdexcpt.obj
 0001:00010404       _callnewh                  0000000180011404 f   LIBCMT:handler.obj
 0001:00010438       _initp_heap_handler        0000000180011438 f   LIBCMT:handler.obj
 0001:00010440       _call_reportfault          0000000180011440 f   LIBCMT:invarg.obj
 0001:00010534       _initp_misc_invarg         0000000180011534 f   LIBCMT:invarg.obj
 0001:0001053c       _invalid_parameter         000000018001153c f   LIBCMT:invarg.obj
 0001:000105a4       _invalid_parameter_noinfo  00000001800115a4 f   LIBCMT:invarg.obj
 0001:000105c4       _invoke_watson             00000001800115c4 f   LIBCMT:invarg.obj
 0001:00010600       _flsbuf                    0000000180011600 f   LIBCMT:_flsbuf.obj
 0001:0001078c       _vswprintf_helper          000000018001178c f   LIBCMT:vswprnc.obj
 0001:000108a8       _vswprintf_s_l             00000001800118a8 f   LIBCMT:vswprnc.obj
 0001:00010924       __doserrno                 0000000180011924 f   LIBCMT:dosmap.obj
 0001:00010944       _dosmaperr                 0000000180011944 f   LIBCMT:dosmap.obj
 0001:00010994       _errno                     0000000180011994 f   LIBCMT:dosmap.obj
 0001:000109b4       _get_errno_from_oserr      00000001800119b4 f   LIBCMT:dosmap.obj
 0001:00010a04       __isa_available_init       0000000180011a04 f   LIBCMT:cpu_disp.obj
 0001:00010b7c       __crtCorExitProcess        0000000180011b7c f   LIBCMT:crt0dat.obj
 0001:00010bc0       __crtExitProcess           0000000180011bc0 f   LIBCMT:crt0dat.obj
 0001:00010bd8       __freeCrtMemory            0000000180011bd8 f   LIBCMT:crt0dat.obj
 0001:00010d20       _amsg_exit                 0000000180011d20 f   LIBCMT:crt0dat.obj
 0001:00010d48       _cexit                     0000000180011d48 f   LIBCMT:crt0dat.obj
 0001:00010d58       _cinit                     0000000180011d58 f   LIBCMT:crt0dat.obj
 0001:00010e08       _exit                      0000000180011e08 f   LIBCMT:crt0dat.obj
 0001:00010e14       _init_pointers             0000000180011e14 f   LIBCMT:crt0dat.obj
 0001:00010e94       _initterm_e                0000000180011e94 f   LIBCMT:crt0dat.obj
 0001:00010ed0       _lockexit                  0000000180011ed0 f   LIBCMT:crt0dat.obj
 0001:00010edc       _unlockexit                0000000180011edc f   LIBCMT:crt0dat.obj
 0001:00011080       _msize                     0000000180012080 f   LIBCMT:msize.obj
 0001:000110bc       _calloc_crt                00000001800120bc f   LIBCMT:crtheap.obj
 0001:0001113c       _malloc_crt                000000018001213c f   LIBCMT:crtheap.obj
 0001:000111b8       _realloc_crt               00000001800121b8 f   LIBCMT:crtheap.obj
 0001:0001123c       __C_specific_handler       000000018001223c f   LIBCMT:chandler.obj
 0001:00011420       _set_abort_behavior        0000000180012420 f   LIBCMT:abort.obj
 0001:0001143c       abort                      000000018001243c f   LIBCMT:abort.obj
 0001:00011494       _initp_misc_purevirt       0000000180012494 f   LIBCMT:inithelp.obj
 0001:0001149c       ?_GetEstablisherFrame@@YAPEA_KPEA_KPEAU_xDISPATCHER_CONTEXT@@PEBU_s_FuncInfo@@0@Z 000000018001249c f   LIBCMT:trnsctrl.obj
 0001:00011568       ?_GetRangeOfTrysToCheck@@YAPEBU_s_TryBlockMapEntry@@PEA_KPEBU_s_FuncInfo@@HHPEAI2PEAU_xDISPATCHER_CONTEXT@@@Z 0000000180012568 f   LIBCMT:trnsctrl.obj
 0001:00011694       ?__FrameUnwindToEmptyState@@YAXPEA_KPEAU_xDISPATCHER_CONTEXT@@PEBU_s_FuncInfo@@@Z 0000000180012694 f   LIBCMT:trnsctrl.obj
 0001:00011728       ?__SehTransFilter@@YAHPEAU_EXCEPTION_POINTERS@@PEAUEHExceptionRecord@@PEA_KPEAU_CONTEXT@@PEAU_xDISPATCHER_CONTEXT@@PEBU_s_FuncInfo@@PEAH@Z 0000000180012728 f   LIBCMT:trnsctrl.obj
 0001:000117cc       _CallSETranslator          00000001800127cc f   LIBCMT:trnsctrl.obj
 0001:00011820       _CreateFrameInfo           0000000180012820 f   LIBCMT:trnsctrl.obj
 0001:00011864       _FindAndUnlinkFrame        0000000180012864 f   LIBCMT:trnsctrl.obj
 0001:000118c4       _GetImageBase              00000001800128c4 f   LIBCMT:trnsctrl.obj
 0001:000118dc       _GetThrowImageBase         00000001800128dc f   LIBCMT:trnsctrl.obj
 0001:000118f4       _IsExceptionObjectToBeDestroyed 00000001800128f4 f   LIBCMT:trnsctrl.obj
 0001:00011928       _SetImageBase              0000000180012928 f   LIBCMT:trnsctrl.obj
 0001:00011944       _SetThrowImageBase         0000000180012944 f   LIBCMT:trnsctrl.obj
 0001:00011960       _UnwindNestedFrames        0000000180012960 f   LIBCMT:trnsctrl.obj
 0001:00011ad8       __CxxFrameHandler3         0000000180012ad8 f   LIBCMT:trnsctrl.obj
 0001:00011b60       iswctype                   0000000180012b60 f   LIBCMT:iswctype.obj
 0001:00011bc8       _wchartodigit              0000000180012bc8 f   LIBCMT:wchtodig.obj
 0001:00011d60       __addlocaleref             0000000180012d60 f   LIBCMT:localref.obj
 0001:00011dec       __freetlocinfo             0000000180012dec f   LIBCMT:localref.obj
 0001:00011f84       __removelocaleref          0000000180012f84 f   LIBCMT:localref.obj
 0001:00012028       __updatetlocinfo           0000000180013028 f   LIBCMT:localref.obj
 0001:000120a0       _updatetlocinfoEx_nolock   00000001800130a0 f   LIBCMT:localref.obj
 0001:00012104       __initmbctable             0000000180013104 f   LIBCMT:mbctype.obj
 0001:00012420       __updatetmbcinfo           0000000180013420 f   LIBCMT:mbctype.obj
 0001:000124dc       _setmbcp                   00000001800134dc f   LIBCMT:mbctype.obj
 0001:00012738       _setmbcp_nolock            0000000180013738 f   LIBCMT:mbctype.obj
 0001:000129e8       _towlower_l                00000001800139e8 f   LIBCMT:towlower.obj
 0001:00012ab4       _freefls                   0000000180013ab4 f   LIBCMT:tidtable.obj
 0001:00012be8       _freeptd                   0000000180013be8 f   LIBCMT:tidtable.obj
 0001:00012c24       _getptd                    0000000180013c24 f   LIBCMT:tidtable.obj
 0001:00012c48       _getptd_noexit             0000000180013c48 f   LIBCMT:tidtable.obj
 0001:00012ccc       _initptd                   0000000180013ccc f   LIBCMT:tidtable.obj
 0001:00012d90       _mtinit                    0000000180013d90 f   LIBCMT:tidtable.obj
 0001:00012e10       _mtterm                    0000000180013e10 f   LIBCMT:tidtable.obj
 0001:00012e34       _locterm                   0000000180013e34 f   LIBCMT:wsetloca.obj
 0001:00012e7c       __crt_debugger_hook        0000000180013e7c f   LIBCMT:dbghook.obj
 0001:00012e84       __crtCaptureCurrentContext 0000000180013e84 f   LIBCMT:winapisupp.obj
 0001:00012ef4       __crtCapturePreviousContext 0000000180013ef4 f   LIBCMT:winapisupp.obj
 0001:00012f68       __crtFlsAlloc              0000000180013f68 f   LIBCMT:winapisupp.obj
 0001:00012f84       __crtFlsFree               0000000180013f84 f   LIBCMT:winapisupp.obj
 0001:00012fa0       __crtFlsGetValue           0000000180013fa0 f   LIBCMT:winapisupp.obj
 0001:00012fbc       __crtFlsSetValue           0000000180013fbc f   LIBCMT:winapisupp.obj
 0001:00012fd8       __crtInitializeCriticalSectionEx 0000000180013fd8 f   LIBCMT:winapisupp.obj
 0001:00013004       __crtIsPackagedApp         0000000180014004 f   LIBCMT:winapisupp.obj
 0001:00013050       __crtLoadWinApiPointers    0000000180014050 f   LIBCMT:winapisupp.obj
 0001:0001344c       __crtSleep                 000000018001444c f   LIBCMT:winapisupp.obj
 0001:00013454       __crtTerminateProcess      0000000180014454 f   LIBCMT:winapisupp.obj
 0001:00013474       __crtUnhandledException    0000000180014474 f   LIBCMT:winapisupp.obj
 0001:00013494       _heap_init                 0000000180014494 f   LIBCMT:heapinit.obj
 0001:000134b4       _heap_term                 00000001800144b4 f   LIBCMT:heapinit.obj
 0001:000134c0       _FF_MSGBANNER              00000001800144c0 f   LIBCMT:crt0msg.obj
 0001:00013504       _GET_RTERRMSG              0000000180014504 f   LIBCMT:crt0msg.obj
 0001:00013534       _NMSG_WRITE                0000000180014534 f   LIBCMT:crt0msg.obj
 0001:000137a4       _XcptFilter                00000001800147a4 f   LIBCMT:winxfltr.obj
 0001:00013970       __CppXcptFilter            0000000180014970 f   LIBCMT:winxfltr.obj
 0001:00013984       _ioinit                    0000000180014984 f   LIBCMT:ioinit.obj
 0001:00013cb4       _ioterm                    0000000180014cb4 f   LIBCMT:ioinit.obj
 0001:00013d28       _setargv                   0000000180014d28 f   LIBCMT:stdargv.obj
 0001:00013fe4       _setenvp                   0000000180014fe4 f   LIBCMT:stdenvp.obj
 0001:00014118       __security_init_cookie     0000000180015118 f   LIBCMT:gs_support.obj
 0001:000141c4       __crtGetEnvironmentStringsA 00000001800151c4 f   LIBCMT:a_env.obj
 0001:000142b8       _RTC_Initialize            00000001800152b8 f   LIBCMT:initsect.obj
 0001:000142f0       _RTC_Terminate             00000001800152f0 f   LIBCMT:initsect.obj
 0001:00014328       __GSHandlerCheck           0000000180015328 f   LIBCMT:gshandler.obj
 0001:00014348       __GSHandlerCheckCommon     0000000180015348 f   LIBCMT:gshandler.obj
 0001:000143ac       _cfltcvt                   00000001800153ac f   LIBCMT:cvt.obj
 0001:000143d0       _cfltcvt_l                 00000001800153d0 f   LIBCMT:cvt.obj
 0001:00014450       _cftoa_l                   0000000180015450 f   LIBCMT:cvt.obj
 0001:000149fc       _cftoe_l                   00000001800159fc f   LIBCMT:cvt.obj
 0001:00014c58       _cftof_l                   0000000180015c58 f   LIBCMT:cvt.obj
 0001:00014d2c       _cftog_l                   0000000180015d2c f   LIBCMT:cvt.obj
 0001:00014e60       _cropzeros                 0000000180015e60 f   LIBCMT:cvt.obj
 0001:00014e68       _cropzeros_l               0000000180015e68 f   LIBCMT:cvt.obj
 0001:00014f00       _fassign                   0000000180015f00 f   LIBCMT:cvt.obj
 0001:00014f08       _fassign_l                 0000000180015f08 f   LIBCMT:cvt.obj
 0001:00014f48       _forcdecpt                 0000000180015f48 f   LIBCMT:cvt.obj
 0001:00014f50       _forcdecpt_l               0000000180015f50 f   LIBCMT:cvt.obj
 0001:00014fd0       _positive                  0000000180015fd0 f   LIBCMT:cvt.obj
 0001:00014fe4       _initp_misc_cfltcvt_tab    0000000180015fe4 f   LIBCMT:cmiscdat.obj
 0001:00015020       strcpy_s                   0000000180016020 f   LIBCMT:strcpy_s.obj
 0001:000150a0       strlen                     00000001800160a0 f   LIBCMT:strlen.obj
 0001:00015148       _lock                      0000000180016148 f   LIBCMT:mlock.obj
 0001:0001518c       _mtdeletelocks             000000018001618c f   LIBCMT:mlock.obj
 0001:00015214       _mtinitlocknum             0000000180016214 f   LIBCMT:mlock.obj
 0001:000152d4       _mtinitlocks               00000001800162d4 f   LIBCMT:mlock.obj
 0001:00015338       _unlock                    0000000180016338 f   LIBCMT:mlock.obj
 0001:00015360       _local_unwind              0000000180016360 f   LIBCMT:jmpuwind.obj
 0001:00015390       _NLG_Notify                0000000180016390 f   LIBCMT:jmpuwind.obj
 0001:000153b0       __NLG_Dispatch2            00000001800163b0 f   LIBCMT:jmpuwind.obj
 0001:000153c0       __NLG_Return2              00000001800163c0 f   LIBCMT:jmpuwind.obj
 0001:000153c4       __initstdio                00000001800163c4 f   LIBCMT:_file.obj
 0001:0001545c       __endstdio                 000000018001645c f   LIBCMT:_file.obj
 0001:0001548c       __iob_func                 000000018001648c f   LIBCMT:_file.obj
 0001:00015494       _lock_file                 0000000180016494 f   LIBCMT:_file.obj
 0001:000154fc       _lock_file2                00000001800164fc f   LIBCMT:_file.obj
 0001:00015530       _unlock_file               0000000180016530 f   LIBCMT:_file.obj
 0001:00015580       _unlock_file2              0000000180016580 f   LIBCMT:_file.obj
 0001:000155a0       _fileno                    00000001800165a0 f   LIBCMT:fileno.obj
 0001:000155c8       _isatty                    00000001800165c8 f   LIBCMT:isatty.obj
 0001:00015628       _write                     0000000180016628 f   LIBCMT:write.obj
 0001:0001570c       _write_nolock              000000018001670c f   LIBCMT:write.obj
 0001:00015f00       _lseeki64                  0000000180016f00 f   LIBCMT:lseeki64.obj
 0001:00015fe8       _lseeki64_nolock           0000000180016fe8 f   LIBCMT:lseeki64.obj
 0001:0001607c       _getbuf                    000000018001707c f   LIBCMT:_getbuf.obj
 0001:000160d0       _woutput_s_l               00000001800170d0 f   LIBCMT:woutputs.obj
 0001:00016ce4       _isleadbyte_l              0000000180017ce4 f i LIBCMT:_wctype.obj
 0001:00016d28       isleadbyte                 0000000180017d28 f i LIBCMT:_wctype.obj
 0001:00016d70       _get_printf_count_output   0000000180017d70 f   LIBCMT:printf.obj
 0001:00016d88       _fputwc_nolock             0000000180017d88 f   LIBCMT:fputwc.obj
 0001:00016f7c       _mbtowc_l                  0000000180017f7c f   LIBCMT:mbtowc.obj
 0001:000170d0       mbtowc                     00000001800180d0 f   LIBCMT:mbtowc.obj
 0001:000170e0       _FindPESection             00000001800180e0 f   LIBCMT:pesect.obj
 0001:00017130       _IsNonwritableInCurrentImage 0000000180018130 f   LIBCMT:pesect.obj
 0001:00017180       _ValidateImageBase         0000000180018180 f   LIBCMT:pesect.obj
 0001:000171b0       ?_inconsistency@@YAXXZ     00000001800181b0 f   LIBCMT:hooks.obj
 0001:000171d0       ?terminate@@YAXXZ          00000001800181d0 f   LIBCMT:hooks.obj
 0001:000171f0       _initp_eh_hooks            00000001800181f0 f   LIBCMT:hooks.obj
 0001:00017210       __get_sigabrt              0000000180018210 f   LIBCMT:winsig.obj
 0001:00017220       _initp_misc_winsig         0000000180018220 f   LIBCMT:winsig.obj
 0001:00017240       raise                      0000000180018240 f   LIBCMT:winsig.obj
 0001:00017474       _initp_misc_rand_s         0000000180018474 f   LIBCMT:rand_s.obj
 0001:0001747c       realloc                    000000018001847c f   LIBCMT:realloc.obj
 0001:00017550       _calloc_impl               0000000180018550 f   LIBCMT:calloc_impl.obj
 0001:000175ec       GetTableIndexFromLocaleName 00000001800185ec f   LIBCMT:winapinls.obj
 0001:00017678       __crtDownlevelLocaleNameToLCID 0000000180018678 f   LIBCMT:winapinls.obj
 0001:000176ac       __crtLCMapStringEx         00000001800186ac f   LIBCMT:winapinls.obj
 0001:0001773c       __wcsnicmp_ascii           000000018001873c f   LIBCMT:winapinls.obj
 0001:00017794       __DestructExceptionObject  0000000180018794 f   LIBCMT:frame.obj
 0001:00017804       ??0bad_exception@std@@QEAA@AEBV01@@Z 0000000180018804 f i LIBCMT:frame.obj
 0001:00017828       ??1bad_exception@std@@UEAA@XZ 0000000180018828 f i LIBCMT:frame.obj
 0001:00017838       ??_Gbad_exception@std@@UEAAPEAXI@Z 0000000180018838 f i LIBCMT:frame.obj
 0001:00017838       ??_Ebad_exception@std@@UEAAPEAXI@Z 0000000180018838 f i LIBCMT:frame.obj
 0001:0001812c       __AdjustPointer            000000018001912c f   LIBCMT:frame.obj
 0001:00018150       __BuildCatchObject         0000000180019150 f   LIBCMT:frame.obj
 0001:00018208       __BuildCatchObjectHelper   0000000180019208 f   LIBCMT:frame.obj
 0001:00018458       __CxxCallCatchBlock        0000000180019458 f   LIBCMT:frame.obj
 0001:0001865c       __FrameUnwindFilter        000000018001965c f   LIBCMT:frame.obj
 0001:000186b0       __FrameUnwindToState       00000001800196b0 f   LIBCMT:frame.obj
 0001:00018844       __InternalCxxFrameHandler  0000000180019844 f   LIBCMT:frame.obj
 0001:00018a68       __TypeMatch                0000000180019a68 f   LIBCMT:frame.obj
 0001:00018b98       ?__GetCurrentState@@YAHPEA_KPEAU_xDISPATCHER_CONTEXT@@PEBU_s_FuncInfo@@@Z 0000000180019b98 f   LIBCMT:ehstate.obj
 0001:00018bc0       ?__GetUnwindTryBlock@@YAHPEA_KPEAU_xDISPATCHER_CONTEXT@@PEBU_s_FuncInfo@@@Z 0000000180019bc0 f   LIBCMT:ehstate.obj
 0001:00018bec       ?__SetState@@YAXPEA_KPEAU_xDISPATCHER_CONTEXT@@PEBU_s_FuncInfo@@H@Z 0000000180019bec f   LIBCMT:ehstate.obj
 0001:00018bf8       ?__SetUnwindTryBlock@@YAXPEA_KPEAU_xDISPATCHER_CONTEXT@@PEBU_s_FuncInfo@@H@Z 0000000180019bf8 f   LIBCMT:ehstate.obj
 0001:00018c34       ?__StateFromControlPc@@YAHPEBU_s_FuncInfo@@PEAU_xDISPATCHER_CONTEXT@@@Z 0000000180019c34 f   LIBCMT:ehstate.obj
 0001:00018c3c       ?__StateFromIp@@YAHPEBU_s_FuncInfo@@PEAU_xDISPATCHER_CONTEXT@@_J@Z 0000000180019c3c f   LIBCMT:ehstate.obj
 0001:00018cc8       __free_lconv_mon           0000000180019cc8 f   LIBCMT:initmon.obj
 0001:00018dd4       __free_lconv_num           0000000180019dd4 f   LIBCMT:initnum.obj
 0001:00018e40       __free_lc_time             0000000180019e40 f   LIBCMT:inittime.obj
 0001:00019528       __crtLCMapStringA          000000018001a528 f   LIBCMT:a_map.obj
 0001:00019738       __crtGetStringTypeA        000000018001a738 f   LIBCMT:a_str.obj
 0001:000197b4       __crtLCMapStringW          000000018001a7b4 f   LIBCMT:w_map.obj
 0001:00019810       memcmp                     000000018001a810 f   LIBCMT:memcmp.obj
 0001:000198d8       wcscat_s                   000000018001a8d8 f   LIBCMT:wcscat_s.obj
 0001:00019960       wcslen                     000000018001a960 f   LIBCMT:wcslen.obj
 0001:0001997c       wcsnlen                    000000018001a97c f   LIBCMT:wcslen_s.obj
 0001:0001999c       _atodbl_l                  000000018001a99c f   LIBCMT:atodbl.obj
 0001:00019a64       _atoflt_l                  000000018001aa64 f   LIBCMT:atodbl.obj
 0001:00019b2c       _set_error_mode            000000018001ab2c f   LIBCMT:errmode.obj
 0001:00019b6c       __crtMessageBoxW           000000018001ab6c f   LIBCMT:crtmboxw.obj
 0001:00019e5c       _ismbblead                 000000018001ae5c f   LIBCMT:ismbbyte.obj
 0001:00019e70       isdigit                    000000018001ae70 f i LIBCMT:_ctype.obj
 0001:00019eec       _tolower_l                 000000018001aeec f   LIBCMT:tolower.obj
 0001:0001a040       tolower                    000000018001b040 f   LIBCMT:tolower.obj
 0001:0001a060       strrchr                    000000018001b060 f   LIBCMT:strrchr.obj
 0001:0001a1a4       _fptostr                   000000018001b1a4 f   LIBCMT:_fptostr.obj
 0001:0001a270       __dtold                    000000018001b270 f   LIBCMT:cfout.obj
 0001:0001a340       _fltout2                   000000018001b340 f   LIBCMT:cfout.obj
 0001:0001a3f8       _fptrap                    000000018001b3f8 f   LIBCMT:crt0fp.obj
 0001:0001a404       _fcloseall                 000000018001b404 f   LIBCMT:closeall.obj
 0001:0001a4ac       _fflush_nolock             000000018001b4ac f   LIBCMT:fflush.obj
 0001:0001a4f8       _flush                     000000018001b4f8 f   LIBCMT:fflush.obj
 0001:0001a574       _flushall                  000000018001b574 f   LIBCMT:fflush.obj
 0001:0001a668       __lock_fhandle             000000018001b668 f   LIBCMT:osfinfo.obj
 0001:0001a700       _free_osfhnd               000000018001b700 f   LIBCMT:osfinfo.obj
 0001:0001a7ac       _get_osfhandle             000000018001b7ac f   LIBCMT:osfinfo.obj
 0001:0001a820       _unlock_fhandle            000000018001b820 f   LIBCMT:osfinfo.obj
 0001:0001a84c       _putwch_nolock             000000018001b84c f   LIBCMT:putwch.obj
 0001:0001a8a8       _wctomb_s_l                000000018001b8a8 f   LIBCMT:wctomb.obj
 0001:0001aa34       wctomb_s                   000000018001ba34 f   LIBCMT:wctomb.obj
 0001:0001aa48       _flswbuf                   000000018001ba48 f   LIBCMT:_flswbuf.obj
 0001:0001abd8       ?_ValidateWrite@@YAHPEAXI@Z 000000018001bbd8 f   LIBCMT:validate.obj
 0001:0001abd8       ?_ValidateExecute@@YAHP6A_JXZ@Z 000000018001bbd8 f   LIBCMT:validate.obj
 0001:0001abd8       ?_ValidateRead@@YAHPEBXI@Z 000000018001bbd8 f   LIBCMT:validate.obj
 0001:0001ac00       _CallSettingFrame          000000018001bc00 f   LIBCMT:handlers.obj
 0001:0001ac40       _GetNextInstrOffset        000000018001bc40 f   LIBCMT:handlers.obj
 0001:0001ac50       _ld12tod                   000000018001bc50 f   LIBCMT:intrncvt.obj
 0001:0001b208       _ld12tof                   000000018001c208 f   LIBCMT:intrncvt.obj
 0001:0001b7c0       __strgtold12_l             000000018001c7c0 f   LIBCMT:strgtold.obj
 0001:0001c01c       _isctype_l                 000000018001d01c f   LIBCMT:isctype.obj
 0001:0001c0f8       $I10_OUTPUT                000000018001d0f8 f   LIBCMT:x10fout.obj
 0001:0001cbc4       _fclose_nolock             000000018001dbc4 f   LIBCMT:fclose.obj
 0001:0001cc40       fclose                     000000018001dc40 f   LIBCMT:fclose.obj
 0001:0001cca8       _commit                    000000018001dca8 f   LIBCMT:commit.obj
 0001:0001cd80       __termconout               000000018001dd80 f   LIBCMT:initcon.obj
 0001:0001cda0       __initconout               000000018001dda0 f   LIBCMT:initcon.obj
 0001:0001cddc       __mtold12                  000000018001dddc f   LIBCMT:mantold.obj
 0001:0001d008       _close                     000000018001e008 f   LIBCMT:close.obj
 0001:0001d0cc       _close_nolock              000000018001e0cc f   LIBCMT:close.obj
 0001:0001d188       _freebuf                   000000018001e188 f   LIBCMT:_freebuf.obj
 0001:0001d1c0       ?_Syserror_map@std@@YAPEBDH@Z 000000018001e1c0 f   libcpmt:syserror.obj
 0001:0001d1e8       ?_Winerror_map@std@@YAPEBDH@Z 000000018001e1e8 f   libcpmt:syserror.obj
 0001:0001d210       ??0length_error@std@@QEAA@AEBV01@@Z 000000018001e210 f i libcpmt:xthrow.obj
 0001:0001d234       ??0logic_error@std@@QEAA@AEBV01@@Z 000000018001e234 f i libcpmt:xthrow.obj
 0001:0001d258       ??0out_of_range@std@@QEAA@AEBV01@@Z 000000018001e258 f i libcpmt:xthrow.obj
 0001:0001d27c       ??1length_error@std@@UEAA@XZ 000000018001e27c f i libcpmt:xthrow.obj
 0001:0001d27c       ??1out_of_range@std@@UEAA@XZ 000000018001e27c f i libcpmt:xthrow.obj
 0001:0001d284       ??_Elength_error@std@@UEAAPEAXI@Z 000000018001e284 f i libcpmt:xthrow.obj
 0001:0001d284       ??_Elogic_error@std@@UEAAPEAXI@Z 000000018001e284 f i libcpmt:xthrow.obj
 0001:0001d284       ??_Eout_of_range@std@@UEAAPEAXI@Z 000000018001e284 f i libcpmt:xthrow.obj
 0001:0001d284       ??_Gout_of_range@std@@UEAAPEAXI@Z 000000018001e284 f i libcpmt:xthrow.obj
 0001:0001d284       ??_Glength_error@std@@UEAAPEAXI@Z 000000018001e284 f i libcpmt:xthrow.obj
 0001:0001d284       ??_Glogic_error@std@@UEAAPEAXI@Z 000000018001e284 f i libcpmt:xthrow.obj
 0001:0001d2b4       ?_Xbad_alloc@std@@YAXXZ    000000018001e2b4 f   libcpmt:xthrow.obj
 0001:0001d2f8       ?_Xlength_error@std@@YAXPEBD@Z 000000018001e2f8 f   libcpmt:xthrow.obj
 0001:0001d330       ?_Xout_of_range@std@@YAXPEBD@Z 000000018001e330 f   libcpmt:xthrow.obj
 0001:0001d366       IsProcessorFeaturePresent  000000018001e366 f   kernel32:KERNEL32.dll
 0001:0001d36c       RtlUnwindEx                000000018001e36c f   kernel32:KERNEL32.dll
 0001:0001d374       __GSHandlerCheck_EH        000000018001e374 f   LIBCMT:gshandlereh.obj
 0002:00000000       __imp_RegOpenKeyExW        0000000180020000     advapi32:ADVAPI32.dll
 0002:00000008       __imp_RegCloseKey          0000000180020008     advapi32:ADVAPI32.dll
 0002:00000010       __imp_RegCreateKeyExW      0000000180020010     advapi32:ADVAPI32.dll
 0002:00000018       __imp_RegDeleteKeyW        0000000180020018     advapi32:ADVAPI32.dll
 0002:00000020       __imp_RegSetValueExW       0000000180020020     advapi32:ADVAPI32.dll
 0002:00000028       __imp_RegEnumKeyW          0000000180020028     advapi32:ADVAPI32.dll
 0002:00000030       __imp_RegGetValueW         0000000180020030     advapi32:ADVAPI32.dll
 0002:00000038       __imp_RegQueryValueExW     0000000180020038     advapi32:ADVAPI32.dll
 0002:00000040       \177ADVAPI32_NULL_THUNK_DATA 0000000180020040     advapi32:ADVAPI32.dll
 0002:00000048       __imp_CryptBinaryToStringW 0000000180020048     crypt32:CRYPT32.dll
 0002:00000050       __imp_CertCompareCertificateName 0000000180020050     crypt32:CRYPT32.dll
 0002:00000058       __imp_CertNameToStrW       0000000180020058     crypt32:CRYPT32.dll
 0002:00000060       __imp_CertGetNameStringW   0000000180020060     crypt32:CRYPT32.dll
 0002:00000068       __imp_CryptStringToBinaryW 0000000180020068     crypt32:CRYPT32.dll
 0002:00000070       __imp_CertDuplicateCertificateContext 0000000180020070     crypt32:CRYPT32.dll
 0002:00000078       __imp_CertDuplicateStore   0000000180020078     crypt32:CRYPT32.dll
 0002:00000080       __imp_CertEnumCertificatesInStore 0000000180020080     crypt32:CRYPT32.dll
 0002:00000088       __imp_CertGetCertificateContextProperty 0000000180020088     crypt32:CRYPT32.dll
 0002:00000090       __imp_CertCloseStore       0000000180020090     crypt32:CRYPT32.dll
 0002:00000098       __imp_CertFindCertificateInStore 0000000180020098     crypt32:CRYPT32.dll
 0002:000000a0       __imp_CertCompareCertificate 00000001800200a0     crypt32:CRYPT32.dll
 0002:000000a8       __imp_CertFreeCertificateContext 00000001800200a8     crypt32:CRYPT32.dll
 0002:000000b0       __imp_CertOpenSystemStoreW 00000001800200b0     crypt32:CRYPT32.dll
 0002:000000b8       __imp_CryptUnprotectData   00000001800200b8     crypt32:CRYPT32.dll
 0002:000000c0       __imp_CryptProtectData     00000001800200c0     crypt32:CRYPT32.dll
 0002:000000c8       \177CRYPT32_NULL_THUNK_DATA 00000001800200c8     crypt32:CRYPT32.dll
 0002:000000d0       __imp_CryptUIDlgViewCertificateW 00000001800200d0     cryptui:CRYPTUI.dll
 0002:000000d8       \177CRYPTUI_NULL_THUNK_DATA 00000001800200d8     cryptui:CRYPTUI.dll
 0002:000000e0       __imp_QueryActCtxW         00000001800200e0     kernel32:KERNEL32.dll
 0002:000000e8       __imp_CreateActCtxW        00000001800200e8     kernel32:KERNEL32.dll
 0002:000000f0       __imp_ActivateActCtx       00000001800200f0     kernel32:KERNEL32.dll
 0002:000000f8       __imp_LoadLibraryW         00000001800200f8     kernel32:KERNEL32.dll
 0002:00000100       __imp_GetModuleFileNameW   0000000180020100     kernel32:KERNEL32.dll
 0002:00000108       __imp_DeactivateActCtx     0000000180020108     kernel32:KERNEL32.dll
 0002:00000110       __imp_GetLastError         0000000180020110     kernel32:KERNEL32.dll
 0002:00000118       __imp_SetLastError         0000000180020118     kernel32:KERNEL32.dll
 0002:00000120       __imp_GetProcAddress       0000000180020120     kernel32:KERNEL32.dll
 0002:00000128       __imp_DisableThreadLibraryCalls 0000000180020128     kernel32:KERNEL32.dll
 0002:00000130       __imp_LocalAlloc           0000000180020130     kernel32:KERNEL32.dll
 0002:00000138       __imp_OutputDebugStringA   0000000180020138     kernel32:KERNEL32.dll
 0002:00000140       __imp_FindActCtxSectionStringW 0000000180020140     kernel32:KERNEL32.dll
 0002:00000148       __imp_InitializeCriticalSection 0000000180020148     kernel32:KERNEL32.dll
 0002:00000150       __imp_GetDateFormatW       0000000180020150     kernel32:KERNEL32.dll
 0002:00000158       __imp_SystemTimeToFileTime 0000000180020158     kernel32:KERNEL32.dll
 0002:00000160       __imp_CompareFileTime      0000000180020160     kernel32:KERNEL32.dll
 0002:00000168       __imp_FileTimeToSystemTime 0000000180020168     kernel32:KERNEL32.dll
 0002:00000170       __imp_FileTimeToLocalFileTime 0000000180020170     kernel32:KERNEL32.dll
 0002:00000178       __imp_GetSystemTime        0000000180020178     kernel32:KERNEL32.dll
 0002:00000180       __imp_GetModuleHandleW     0000000180020180     kernel32:KERNEL32.dll
 0002:00000188       __imp_EnumResourceNamesW   0000000180020188     kernel32:KERNEL32.dll
 0002:00000190       __imp_FindResourceExW      0000000180020190     kernel32:KERNEL32.dll
 0002:00000198       __imp_LoadResource         0000000180020198     kernel32:KERNEL32.dll
 0002:000001a0       __imp_GetUserDefaultLangID 00000001800201a0     kernel32:KERNEL32.dll
 0002:000001a8       __imp_LeaveCriticalSection 00000001800201a8     kernel32:KERNEL32.dll
 0002:000001b0       __imp_SetThreadLocale      00000001800201b0     kernel32:KERNEL32.dll
 0002:000001b8       __imp_GetThreadLocale      00000001800201b8     kernel32:KERNEL32.dll
 0002:000001c0       __imp_EnterCriticalSection 00000001800201c0     kernel32:KERNEL32.dll
 0002:000001c8       __imp_DeleteCriticalSection 00000001800201c8     kernel32:KERNEL32.dll
 0002:000001d0       __imp_GetModuleHandleExW   00000001800201d0     kernel32:KERNEL32.dll
 0002:000001d8       __imp_CreateFileW          00000001800201d8     kernel32:KERNEL32.dll
 0002:000001e0       __imp_FlushFileBuffers     00000001800201e0     kernel32:KERNEL32.dll
 0002:000001e8       __imp_WriteConsoleW        00000001800201e8     kernel32:KERNEL32.dll
 0002:000001f0       __imp_SetStdHandle         00000001800201f0     kernel32:KERNEL32.dll
 0002:000001f8       __imp_OutputDebugStringW   00000001800201f8     kernel32:KERNEL32.dll
 0002:00000200       __imp_LCMapStringW         0000000180020200     kernel32:KERNEL32.dll
 0002:00000208       __imp_HeapReAlloc          0000000180020208     kernel32:KERNEL32.dll
 0002:00000210       __imp_LoadLibraryExW       0000000180020210     kernel32:KERNEL32.dll
 0002:00000218       __imp_SetFilePointerEx     0000000180020218     kernel32:KERNEL32.dll
 0002:00000220       __imp_GetConsoleMode       0000000180020220     kernel32:KERNEL32.dll
 0002:00000228       __imp_GetConsoleCP         0000000180020228     kernel32:KERNEL32.dll
 0002:00000230       __imp_FreeEnvironmentStringsW 0000000180020230     kernel32:KERNEL32.dll
 0002:00000238       __imp_GetEnvironmentStringsW 0000000180020238     kernel32:KERNEL32.dll
 0002:00000240       __imp_GetSystemTimeAsFileTime 0000000180020240     kernel32:KERNEL32.dll
 0002:00000248       __imp_GetCurrentProcessId  0000000180020248     kernel32:KERNEL32.dll
 0002:00000250       __imp_QueryPerformanceCounter 0000000180020250     kernel32:KERNEL32.dll
 0002:00000258       __imp_GetModuleFileNameA   0000000180020258     kernel32:KERNEL32.dll
 0002:00000260       __imp_GetFileType          0000000180020260     kernel32:KERNEL32.dll
 0002:00000268       __imp_WriteFile            0000000180020268     kernel32:KERNEL32.dll
 0002:00000270       __imp_LocalFree            0000000180020270     kernel32:KERNEL32.dll
 0002:00000278       __imp_GetProcessHeap       0000000180020278     kernel32:KERNEL32.dll
 0002:00000280       __imp_HeapFree             0000000180020280     kernel32:KERNEL32.dll
 0002:00000288       __imp_HeapAlloc            0000000180020288     kernel32:KERNEL32.dll
 0002:00000290       __imp_GetStdHandle         0000000180020290     kernel32:KERNEL32.dll
 0002:00000298       __imp_FreeLibrary          0000000180020298     kernel32:KERNEL32.dll
 0002:000002a0       __imp_GetStartupInfoW      00000001800202a0     kernel32:KERNEL32.dll
 0002:000002a8       __imp_TlsFree              00000001800202a8     kernel32:KERNEL32.dll
 0002:000002b0       __imp_TlsSetValue          00000001800202b0     kernel32:KERNEL32.dll
 0002:000002b8       __imp_TlsGetValue          00000001800202b8     kernel32:KERNEL32.dll
 0002:000002c0       __imp_TlsAlloc             00000001800202c0     kernel32:KERNEL32.dll
 0002:000002c8       __imp_TerminateProcess     00000001800202c8     kernel32:KERNEL32.dll
 0002:000002d0       __imp_CloseHandle          00000001800202d0     kernel32:KERNEL32.dll
 0002:000002d8       __imp_GetCurrentProcess    00000001800202d8     kernel32:KERNEL32.dll
 0002:000002e0       __imp_Sleep                00000001800202e0     kernel32:KERNEL32.dll
 0002:000002e8       __imp_InitializeCriticalSectionAndSpinCount 00000001800202e8     kernel32:KERNEL32.dll
 0002:000002f0       __imp_SetUnhandledExceptionFilter 00000001800202f0     kernel32:KERNEL32.dll
 0002:000002f8       __imp_UnhandledExceptionFilter 00000001800202f8     kernel32:KERNEL32.dll
 0002:00000300       __imp_RtlVirtualUnwind     0000000180020300     kernel32:KERNEL32.dll
 0002:00000308       __imp_RtlCaptureContext    0000000180020308     kernel32:KERNEL32.dll
 0002:00000310       __imp_GetCPInfo            0000000180020310     kernel32:KERNEL32.dll
 0002:00000318       __imp_GetOEMCP             0000000180020318     kernel32:KERNEL32.dll
 0002:00000320       __imp_GetACP               0000000180020320     kernel32:KERNEL32.dll
 0002:00000328       __imp_EncodePointer        0000000180020328     kernel32:KERNEL32.dll
 0002:00000330       __imp_DecodePointer        0000000180020330     kernel32:KERNEL32.dll
 0002:00000338       __imp_IsDebuggerPresent    0000000180020338     kernel32:KERNEL32.dll
 0002:00000340       __imp_IsProcessorFeaturePresent 0000000180020340     kernel32:KERNEL32.dll
 0002:00000348       __imp_GetCommandLineA      0000000180020348     kernel32:KERNEL32.dll
 0002:00000350       __imp_GetCurrentThreadId   0000000180020350     kernel32:KERNEL32.dll
 0002:00000358       __imp_RtlPcToFileHeader    0000000180020358     kernel32:KERNEL32.dll
 0002:00000360       __imp_RaiseException       0000000180020360     kernel32:KERNEL32.dll
 0002:00000368       __imp_ExitProcess          0000000180020368     kernel32:KERNEL32.dll
 0002:00000370       __imp_MultiByteToWideChar  0000000180020370     kernel32:KERNEL32.dll
 0002:00000378       __imp_WideCharToMultiByte  0000000180020378     kernel32:KERNEL32.dll
 0002:00000380       __imp_HeapSize             0000000180020380     kernel32:KERNEL32.dll
 0002:00000388       __imp_RtlUnwindEx          0000000180020388     kernel32:KERNEL32.dll
 0002:00000390       __imp_RtlLookupFunctionEntry 0000000180020390     kernel32:KERNEL32.dll
 0002:00000398       __imp_GetStringTypeW       0000000180020398     kernel32:KERNEL32.dll
 0002:000003a0       __imp_IsValidCodePage      00000001800203a0     kernel32:KERNEL32.dll
 0002:000003a8       \177KERNEL32_NULL_THUNK_DATA 00000001800203a8     kernel32:KERNEL32.dll
 0002:000003b0       __imp_SysFreeString        00000001800203b0     oleaut32:OLEAUT32.dll
 0002:000003b8       __imp_SysStringByteLen     00000001800203b8     oleaut32:OLEAUT32.dll
 0002:000003c0       __imp_VariantInit          00000001800203c0     oleaut32:OLEAUT32.dll
 0002:000003c8       __imp_SysAllocStringByteLen 00000001800203c8     oleaut32:OLEAUT32.dll
 0002:000003d0       __imp_VariantClear         00000001800203d0     oleaut32:OLEAUT32.dll
 0002:000003d8       __imp_SysStringLen         00000001800203d8     oleaut32:OLEAUT32.dll
 0002:000003e0       __imp_SysAllocString       00000001800203e0     oleaut32:OLEAUT32.dll
 0002:000003e8       \177OLEAUT32_NULL_THUNK_DATA 00000001800203e8     oleaut32:OLEAUT32.dll
 0002:000003f0       __imp_UuidToStringW        00000001800203f0     rpcrt4:RPCRT4.dll
 0002:000003f8       __imp_RpcStringFreeW       00000001800203f8     rpcrt4:RPCRT4.dll
 0002:00000400       \177RPCRT4_NULL_THUNK_DATA 0000000180020400     rpcrt4:RPCRT4.dll
 0002:00000408       __imp_MessageBoxW          0000000180020408     user32:USER32.dll
 0002:00000410       __imp_LoadStringW          0000000180020410     user32:USER32.dll
 0002:00000418       __imp_SetWindowLongPtrW    0000000180020418     user32:USER32.dll
 0002:00000420       __imp_EnableWindow         0000000180020420     user32:USER32.dll
 0002:00000428       __imp_SetWindowTextW       0000000180020428     user32:USER32.dll
 0002:00000430       __imp_GetPropW             0000000180020430     user32:USER32.dll
 0002:00000438       __imp_GetWindowTextLengthW 0000000180020438     user32:USER32.dll
 0002:00000440       __imp_GetFocus             0000000180020440     user32:USER32.dll
 0002:00000448       __imp_InvalidateRect       0000000180020448     user32:USER32.dll
 0002:00000450       __imp_UpdateWindow         0000000180020450     user32:USER32.dll
 0002:00000458       __imp_GetClientRect        0000000180020458     user32:USER32.dll
 0002:00000460       __imp_SendMessageW         0000000180020460     user32:USER32.dll
 0002:00000468       __imp_GetWindowTextW       0000000180020468     user32:USER32.dll
 0002:00000470       __imp_GetWindow            0000000180020470     user32:USER32.dll
 0002:00000478       __imp_GetWindowLongPtrW    0000000180020478     user32:USER32.dll
 0002:00000480       __imp_EndDialog            0000000180020480     user32:USER32.dll
 0002:00000488       __imp_CheckDlgButton       0000000180020488     user32:USER32.dll
 0002:00000490       __imp_ShowWindow           0000000180020490     user32:USER32.dll
 0002:00000498       __imp_IsDlgButtonChecked   0000000180020498     user32:USER32.dll
 0002:000004a0       __imp_RemovePropW          00000001800204a0     user32:USER32.dll
[...]
 0005:00330288       $R3188E8                   0000000180366288     CCXExtUI.res
 0005:00330828       $R318E88                   0000000180366828     CCXExtUI.res
 0005:00330a50       $R3190B0                   0000000180366a50     CCXExtUI.res
 0005:00330bd8       $R319238                   0000000180366bd8     CCXExtUI.res
 0005:00331058       $R3196B8                   0000000180367058     CCXExtUI.res
 0005:003314f8       $R319B58                   00000001803674f8     CCXExtUI.res
 0005:003319a0       $R31A000                   00000001803679a0     CCXExtUI.res
 0005:00331c88       $R31A2E8                   0000000180367c88     CCXExtUI.res
 0005:003323f8       $R31AA58                   00000001803683f8     CCXExtUI.res
 0005:00332a40       $R31B0A0                   0000000180368a40     CCXExtUI.res
 0005:00332fb8       $R31B618                   0000000180368fb8     CCXExtUI.res
 0005:00333288       $R31B8E8                   0000000180369288     CCXExtUI.res
 0005:00333a20       $R31C080                   0000000180369a20     CCXExtUI.res
 0005:00333d08       $R31C368                   0000000180369d08     CCXExtUI.res
 0005:00334018       $R31C678                   000000018036a018     CCXExtUI.res
 0005:00334290       $R31C8F0                   000000018036a290     CCXExtUI.res
 0005:00334578       $R31CBD8                   000000018036a578     CCXExtUI.res
 0005:00334dd0       $R31D430                   000000018036add0     CCXExtUI.res
 0005:003352e0       $R31D940                   000000018036b2e0     CCXExtUI.res
 0005:003355d0       $R31DC30                   000000018036b5d0     CCXExtUI.res
 0005:00335b08       $R31E168                   000000018036bb08     CCXExtUI.res
 0005:00335fb0       $R31E610                   000000018036bfb0     CCXExtUI.res
 0005:003365b0       $R31EC10                   000000018036c5b0     CCXExtUI.res
 0005:00336970       $R31EFD0                   000000018036c970     CCXExtUI.res
 0005:00336df8       $R31F458                   000000018036cdf8     CCXExtUI.res
 0005:003371c8       $R31F828                   000000018036d1c8     CCXExtUI.res
 0005:003375a8       $R31FC08                   000000018036d5a8     CCXExtUI.res
 0005:00337988       $R31FFE8                   000000018036d988     CCXExtUI.res
 0005:00337b50       $R3201B0                   000000018036db50     CCXExtUI.res
 0005:00337db0       $R320410                   000000018036ddb0     CCXExtUI.res
 0005:00338188       $R3207E8                   000000018036e188     CCXExtUI.res
 0005:00338490       $R320AF0                   000000018036e490     CCXExtUI.res
 0005:00338668       $R320CC8                   000000018036e668     CCXExtUI.res
 0005:00338a30       $R321090                   000000018036ea30     CCXExtUI.res
 0005:00339190       $R3217F0                   000000018036f190     CCXExtUI.res
 0005:00339b70       $R3221D0                   000000018036fb70     CCXExtUI.res
 0005:0033a030       $R322690                   0000000180370030     CCXExtUI.res
 0005:0033a9e0       $R323040                   00000001803709e0     CCXExtUI.res
 0005:0033af48       $R3235A8                   0000000180370f48     CCXExtUI.res
 0005:0033b480       $R323AE0                   0000000180371480     CCXExtUI.res
 0005:0033b870       $R323ED0                   0000000180371870     CCXExtUI.res
 0005:0033bf88       $R3245E8                   0000000180371f88     CCXExtUI.res
 0005:0033c800       $R324E60                   0000000180372800     CCXExtUI.res
 0005:0033cb70       $R3251D0                   0000000180372b70     CCXExtUI.res
 0005:0033d068       $R3256C8                   0000000180373068     CCXExtUI.res
 0005:0033d428       $R325A88                   0000000180373428     CCXExtUI.res
 0005:0033d9d8       $R326038                   00000001803739d8     CCXExtUI.res
 0005:0033e028       $R326688                   0000000180374028     CCXExtUI.res
 0005:0033e518       $R326B78                   0000000180374518     CCXExtUI.res
 0005:0033ec58       $R3272B8                   0000000180374c58     CCXExtUI.res
 0005:0033f0b8       $R327718                   00000001803750b8     CCXExtUI.res
 0005:0033f548       $R327BA8                   0000000180375548     CCXExtUI.res
 0005:0033fb60       $R3281C0                   0000000180375b60     CCXExtUI.res
 0005:00340170       $R3287D0                   0000000180376170     CCXExtUI.res
 0005:00340740       $R328DA0                   0000000180376740     CCXExtUI.res
 0005:00340b18       $R329178                   0000000180376b18     CCXExtUI.res
 0005:00340ba8       $R329208                   0000000180376ba8     CCXExtUI.res
 0005:00340cf8       $R329358                   0000000180376cf8     CCXExtUI.res
 0005:00340e28       $R329488                   0000000180376e28     CCXExtUI.res
 0005:00340f90       $R3295F0                   0000000180376f90     CCXExtUI.res
 0005:00341118       $R329778                   0000000180377118     CCXExtUI.res
 0005:003412e0       $R329940                   00000001803772e0     CCXExtUI.res
 0005:00341430       $R329A90                   0000000180377430     CCXExtUI.res
 0005:00341530       $R329B90                   0000000180377530     CCXExtUI.res
 0005:00341688       $R329CE8                   0000000180377688     CCXExtUI.res
 0005:003417a8       $R329E08                   00000001803777a8     CCXExtUI.res
 0005:003418f8       $R329F58                   00000001803778f8     CCXExtUI.res
 0005:00341a20       $R32A080                   0000000180377a20     CCXExtUI.res
 0005:00341bd8       $R32A238                   0000000180377bd8     CCXExtUI.res
 0005:00341d50       $R32A3B0                   0000000180377d50     CCXExtUI.res
 0005:00341f00       $R32A560                   0000000180377f00     CCXExtUI.res
 0005:00342070       $R32A6D0                   0000000180378070     CCXExtUI.res
 0005:003420c8       $R32A728                   00000001803780c8     CCXExtUI.res
 0005:003421f8       $R32A858                   00000001803781f8     CCXExtUI.res
 0005:003426c0       $R32AD20                   00000001803786c0     CCXExtUI.res
 0005:003429f8       $R32B058                   00000001803789f8     CCXExtUI.res
 0005:00342cd0       $R32B330                   0000000180378cd0     CCXExtUI.res
 0005:00342ea0       $R32B500                   0000000180378ea0     CCXExtUI.res
 0005:00342fc0       $R32B620                   0000000180378fc0     CCXExtUI.res
 0005:00343478       $R32BAD8                   0000000180379478     CCXExtUI.res
 0005:00343820       $R32BE80                   0000000180379820     CCXExtUI.res
 0005:00343b30       $R32C190                   0000000180379b30     CCXExtUI.res
 0005:00343cf8       $R32C358                   0000000180379cf8     CCXExtUI.res
 0005:00343e18       $R32C478                   0000000180379e18     CCXExtUI.res
 0005:00344300       $R32C960                   000000018037a300     CCXExtUI.res
 0005:00344718       $R32CD78                   000000018037a718     CCXExtUI.res
 0005:00344a90       $R32D0F0                   000000018037aa90     CCXExtUI.res
 0005:00344c68       $R32D2C8                   000000018037ac68     CCXExtUI.res
 0005:00344d40       $R32D3A0                   000000018037ad40     CCXExtUI.res
 0005:00345058       $R32D6B8                   000000018037b058     CCXExtUI.res
 0005:00345200       $R32D860                   000000018037b200     CCXExtUI.res
 0005:00345438       $R32DA98                   000000018037b438     CCXExtUI.res
 0005:003455c0       $R32DC20                   000000018037b5c0     CCXExtUI.res
 0005:00345688       $R32DCE8                   000000018037b688     CCXExtUI.res
 0005:00345978       $R32DFD8                   000000018037b978     CCXExtUI.res
 0005:00345b18       $R32E178                   000000018037bb18     CCXExtUI.res
 0005:00345d40       $R32E3A0                   000000018037bd40     CCXExtUI.res
 0005:00345ed8       $R32E538                   000000018037bed8     CCXExtUI.res
 0005:00346018       $R32E678                   000000018037c018     CCXExtUI.res
 0005:003464f8       $R32EB58                   000000018037c4f8     CCXExtUI.res
 0005:003468b8       $R32EF18                   000000018037c8b8     CCXExtUI.res
 0005:00346bf0       $R32F250                   000000018037cbf0     CCXExtUI.res
 0005:00346e28       $R32F488                   000000018037ce28     CCXExtUI.res
 0005:00346f38       $R32F598                   000000018037cf38     CCXExtUI.res
 0005:003473d8       $R32FA38                   000000018037d3d8     CCXExtUI.res
 0005:003477c0       $R32FE20                   000000018037d7c0     CCXExtUI.res
 0005:00347af0       $R330150                   000000018037daf0     CCXExtUI.res
 0005:00347ce0       $R330340                   000000018037dce0     CCXExtUI.res
 0005:00347df8       $R330458                   000000018037ddf8     CCXExtUI.res
 0005:00348280       $R3308E0                   000000018037e280     CCXExtUI.res
 0005:003485f8       $R330C58                   000000018037e5f8     CCXExtUI.res
 0005:003488e0       $R330F40                   000000018037e8e0     CCXExtUI.res
 0005:00348aa8       $R331108                   000000018037eaa8     CCXExtUI.res
 0005:00348be8       $R331248                   000000018037ebe8     CCXExtUI.res
 0005:003490a0       $R331700                   000000018037f0a0     CCXExtUI.res
 0005:00349440       $R331AA0                   000000018037f440     CCXExtUI.res
 0005:00349778       $R331DD8                   000000018037f778     CCXExtUI.res
 0005:00349960       $R331FC0                   000000018037f960     CCXExtUI.res
 0005:00349a78       $R3320D8                   000000018037fa78     CCXExtUI.res
 0005:00349f10       $R332570                   000000018037ff10     CCXExtUI.res
 0005:0034a250       $R3328B0                   0000000180380250     CCXExtUI.res
 0005:0034a518       $R332B78                   0000000180380518     CCXExtUI.res
 0005:0034a6e8       $R332D48                   00000001803806e8     CCXExtUI.res
 0005:0034ab88       $R3331E8                   0000000180380b88     CCXExtUI.res
 0005:0034ad30       $R333390                   0000000180380d30     CCXExtUI.res
 0005:0034af18       $R333578                   0000000180380f18     CCXExtUI.res
 0005:0034b1a0       $R333800                   00000001803811a0     CCXExtUI.res
 0005:0034b488       $R333AE8                   0000000180381488     CCXExtUI.res
 0005:0034b598       $R333BF8                   0000000180381598     CCXExtUI.res
 0005:0034ba18       $R334078                   0000000180381a18     CCXExtUI.res
 0005:0034be10       $R334470                   0000000180381e10     CCXExtUI.res
 0005:0034c0d0       $R334730                   00000001803820d0     CCXExtUI.res
 0005:0034c298       $R3348F8                   0000000180382298     CCXExtUI.res
 0005:0034c3b0       $R334A10                   00000001803823b0     CCXExtUI.res
 0005:0034c870       $R334ED0                   0000000180382870     CCXExtUI.res
 0005:0034cbb8       $R335218                   0000000180382bb8     CCXExtUI.res
 0005:0034ceb8       $R335518                   0000000180382eb8     CCXExtUI.res
 0005:0034d090       $R3356F0                   0000000180383090     CCXExtUI.res
 0005:0034d1a0       $R335800                   00000001803831a0     CCXExtUI.res
 0005:0034d678       $R335CD8                   0000000180383678     CCXExtUI.res
 0005:0034da20       $R336080                   0000000180383a20     CCXExtUI.res
 0005:0034dd68       $R3363C8                   0000000180383d68     CCXExtUI.res
 0005:0034df30       $R336590                   0000000180383f30     CCXExtUI.res
 0005:0034e050       $R3366B0                   0000000180384050     CCXExtUI.res
 0005:0034e510       $R336B70                   0000000180384510     CCXExtUI.res
 0005:0034e898       $R336EF8                   0000000180384898     CCXExtUI.res
 0005:0034ebb8       $R337218                   0000000180384bb8     CCXExtUI.res
 0005:0034ed88       $R3373E8                   0000000180384d88     CCXExtUI.res
 0005:0034ef00       $R337560                   0000000180384f00     CCXExtUI.res
 0005:0034f438       $R337A98                   0000000180385438     CCXExtUI.res
 0005:0034f8a8       $R337F08                   00000001803858a8     CCXExtUI.res
 0005:0034fc30       $R338290                   0000000180385c30     CCXExtUI.res
 0005:0034fe40       $R3384A0                   0000000180385e40     CCXExtUI.res
 0005:0034ff50       $R3385B0                   0000000180385f50     CCXExtUI.res
 0005:00350368       $R3389C8                   0000000180386368     CCXExtUI.res
 0005:00350678       $R338CD8                   0000000180386678     CCXExtUI.res
 0005:00350960       $R338FC0                   0000000180386960     CCXExtUI.res
 0005:00350b38       $R339198                   0000000180386b38     CCXExtUI.res
 0005:00350c78       $R3392D8                   0000000180386c78     CCXExtUI.res
 0005:00351168       $R3397C8                   0000000180387168     CCXExtUI.res
 0005:00351570       $R339BD0                   0000000180387570     CCXExtUI.res
 0005:003518b0       $R339F10                   00000001803878b0     CCXExtUI.res
 0005:00351ab8       $R33A118                   0000000180387ab8     CCXExtUI.res
 0005:00351bc8       $R33A228                   0000000180387bc8     CCXExtUI.res
 0005:003520b0       $R33A710                   00000001803880b0     CCXExtUI.res
 0005:00352440       $R33AAA0                   0000000180388440     CCXExtUI.res
 0005:00352738       $R33AD98                   0000000180388738     CCXExtUI.res
 0005:00352920       $R33AF80                   0000000180388920     CCXExtUI.res
 0005:00352a20       $R33B080                   0000000180388a20     CCXExtUI.res
 0005:00352e10       $R33B470                   0000000180388e10     CCXExtUI.res
 0005:00353010       $R33B670                   0000000180389010     CCXExtUI.res
 0005:00353290       $R33B8F0                   0000000180389290     CCXExtUI.res
 0005:00353438       $R33BA98                   0000000180389438     CCXExtUI.res
 0005:00353520       $R33BB80                   0000000180389520     CCXExtUI.res
 0005:00353898       $R33BEF8                   0000000180389898     CCXExtUI.res
 0005:00353ad0       $R33C130                   0000000180389ad0     CCXExtUI.res
 0005:00353d28       $R33C388                   0000000180389d28     CCXExtUI.res
 0005:00353eb8       $R33C518                   0000000180389eb8     CCXExtUI.res
 0005:00353fe0       $R33C640                   0000000180389fe0     CCXExtUI.res
 0005:00354490       $R33CAF0                   000000018038a490     CCXExtUI.res
 0005:00354838       $R33CE98                   000000018038a838     CCXExtUI.res
 0005:00354b40       $R33D1A0                   000000018038ab40     CCXExtUI.res
 0005:00354d10       $R33D370                   000000018038ad10     CCXExtUI.res
 0005:00354e38       $R33D498                   000000018038ae38     CCXExtUI.res
 0005:00355338       $R33D998                   000000018038b338     CCXExtUI.res
 0005:00355710       $R33DD70                   000000018038b710     CCXExtUI.res
 0005:00355a50       $R33E0B0                   000000018038ba50     CCXExtUI.res
 0005:00355c58       $R33E2B8                   000000018038bc58     CCXExtUI.res
 0005:00355d80       $R33E3E0                   000000018038bd80     CCXExtUI.res
 0005:00356220       $R33E880                   000000018038c220     CCXExtUI.res
 0005:003565a0       $R33EC00                   000000018038c5a0     CCXExtUI.res
 0005:00356890       $R33EEF0                   000000018038c890     CCXExtUI.res
 0005:00356a50       $R33F0B0                   000000018038ca50     CCXExtUI.res
 0005:00356b78       $R33F1D8                   000000018038cb78     CCXExtUI.res
 0005:00357040       $R33F6A0                   000000018038d040     CCXExtUI.res
 0005:00357440       $R33FAA0                   000000018038d440     CCXExtUI.res
 0005:003577d0       $R33FE30                   000000018038d7d0     CCXExtUI.res
 0005:003579c0       $R340020                   000000018038d9c0     CCXExtUI.res
 0005:00357ad0       $R340130                   000000018038dad0     CCXExtUI.res
 0005:00357f70       $R3405D0                   000000018038df70     CCXExtUI.res
 0005:00358328       $R340988                   000000018038e328     CCXExtUI.res
 0005:00358640       $R340CA0                   000000018038e640     CCXExtUI.res
 0005:00358808       $R340E68                   000000018038e808     CCXExtUI.res
 0005:00358948       $R340FA8                   000000018038e948     CCXExtUI.res
 0005:00358e58       $R3414B8                   000000018038ee58     CCXExtUI.res
 0005:00359248       $R3418A8                   000000018038f248     CCXExtUI.res
 0005:00359560       $R341BC0                   000000018038f560     CCXExtUI.res
 0005:00359740       $R341DA0                   000000018038f740     CCXExtUI.res
 0005:00359858       $R341EB8                   000000018038f858     CCXExtUI.res
 0005:00359d50       $R3423B0                   000000018038fd50     CCXExtUI.res
 0005:0035a140       $R3427A0                   0000000180390140     CCXExtUI.res
 0005:0035a498       $R342AF8                   0000000180390498     CCXExtUI.res
 0005:0035a680       $R342CE0                   0000000180390680     CCXExtUI.res
 0005:0035a7a8       $R342E08                   00000001803907a8     CCXExtUI.res
 0005:0035ac70       $R3432D0                   0000000180390c70     CCXExtUI.res
 0005:0035afc0       $R343620                   0000000180390fc0     CCXExtUI.res
 0005:0035b2e8       $R343948                   00000001803912e8     CCXExtUI.res
 0005:0035b4e8       $R343B48                   00000001803914e8     CCXExtUI.res
 0005:0035b600       $R343C60                   0000000180391600     CCXExtUI.res
 0005:0035bae0       $R344140                   0000000180391ae0     CCXExtUI.res
 0005:0035be50       $R3444B0                   0000000180391e50     CCXExtUI.res
 0005:0035c150       $R3447B0                   0000000180392150     CCXExtUI.res
 0005:0035c350       $R3449B0                   0000000180392350     CCXExtUI.res
 0005:0035c478       $R344AD8                   0000000180392478     CCXExtUI.res
 0005:0035c9c0       $R345020                   00000001803929c0     CCXExtUI.res
 0005:0035cdc0       $R345420                   0000000180392dc0     CCXExtUI.res
 0005:0035d0f0       $R345750                   00000001803930f0     CCXExtUI.res
 0005:0035d310       $R345970                   0000000180393310     CCXExtUI.res
 0005:0035d428       $R345A88                   0000000180393428     CCXExtUI.res
 0005:0035d920       $R345F80                   0000000180393920     CCXExtUI.res
 0005:0035dcc8       $R346328                   0000000180393cc8     CCXExtUI.res
 0005:0035dfe8       $R346648                   0000000180393fe8     CCXExtUI.res
 0005:0035e1c0       $R346820                   00000001803941c0     CCXExtUI.res
 0005:0035e2e0       $R346940                   00000001803942e0     CCXExtUI.res
 0005:0035e820       $R346E80                   0000000180394820     CCXExtUI.res
 0005:0035eb68       $R3471C8                   0000000180394b68     CCXExtUI.res
 0005:0035ee48       $R3474A8                   0000000180394e48     CCXExtUI.res
 0005:0035f018       $R347678                   0000000180395018     CCXExtUI.res
 0005:0035f148       $R3477A8                   0000000180395148     CCXExtUI.res
 0005:0035f5d0       $R347C30                   00000001803955d0     CCXExtUI.res
 0005:0035f928       $R347F88                   0000000180395928     CCXExtUI.res
 0005:0035fc50       $R3482B0                   0000000180395c50     CCXExtUI.res
 0005:0035fe38       $R348498                   0000000180395e38     CCXExtUI.res
